Archive member included because of file (symbol)

/usr/bin/../lib/gcc/arm-none-eabi/4.9.3/../../../../arm-none-eabi/lib/armv7e-m/softfp/libg.a(lib_a-ctype_.o)
                              parser.o (__ctype_ptr__)
/usr/bin/../lib/gcc/arm-none-eabi/4.9.3/../../../../arm-none-eabi/lib/armv7e-m/softfp/libg.a(lib_a-errno.o)
                              syscall.o (__errno)
/usr/bin/../lib/gcc/arm-none-eabi/4.9.3/../../../../arm-none-eabi/lib/armv7e-m/softfp/libg.a(lib_a-exit.o)
                              /usr/bin/../lib/gcc/arm-none-eabi/4.9.3/../../../../arm-none-eabi/lib/armv7e-m/softfp/crt0.o (exit)
/usr/bin/../lib/gcc/arm-none-eabi/4.9.3/../../../../arm-none-eabi/lib/armv7e-m/softfp/libg.a(lib_a-impure.o)
                              /usr/bin/../lib/gcc/arm-none-eabi/4.9.3/../../../../arm-none-eabi/lib/armv7e-m/softfp/libg.a(lib_a-exit.o) (_global_impure_ptr)
/usr/bin/../lib/gcc/arm-none-eabi/4.9.3/../../../../arm-none-eabi/lib/armv7e-m/softfp/libg.a(lib_a-init.o)
                              /usr/bin/../lib/gcc/arm-none-eabi/4.9.3/../../../../arm-none-eabi/lib/armv7e-m/softfp/crt0.o (__libc_init_array)
/usr/bin/../lib/gcc/arm-none-eabi/4.9.3/../../../../arm-none-eabi/lib/armv7e-m/softfp/libg.a(lib_a-memset.o)
                              /usr/bin/../lib/gcc/arm-none-eabi/4.9.3/../../../../arm-none-eabi/lib/armv7e-m/softfp/crt0.o (memset)
/usr/bin/../lib/gcc/arm-none-eabi/4.9.3/../../../../arm-none-eabi/lib/armv7e-m/softfp/libg.a(lib_a-putchar.o)
                              parser.o (putchar)
/usr/bin/../lib/gcc/arm-none-eabi/4.9.3/../../../../arm-none-eabi/lib/armv7e-m/softfp/libg.a(lib_a-puts.o)
                              main.o (puts)
/usr/bin/../lib/gcc/arm-none-eabi/4.9.3/../../../../arm-none-eabi/lib/armv7e-m/softfp/libg.a(lib_a-setvbuf.o)
                              terminal.o (setvbuf)
/usr/bin/../lib/gcc/arm-none-eabi/4.9.3/../../../../arm-none-eabi/lib/armv7e-m/softfp/libg.a(lib_a-strcasecmp.o)
                              parser.o (strcasecmp)
/usr/bin/../lib/gcc/arm-none-eabi/4.9.3/../../../../arm-none-eabi/lib/armv7e-m/softfp/libg.a(lib_a-strcpy.o)
                              parser.o (strcpy)
/usr/bin/../lib/gcc/arm-none-eabi/4.9.3/../../../../arm-none-eabi/lib/armv7e-m/softfp/libg.a(lib_a-strlen.o)
                              parser.o (strlen)
/usr/bin/../lib/gcc/arm-none-eabi/4.9.3/../../../../arm-none-eabi/lib/armv7e-m/softfp/libg.a(lib_a-strtok.o)
                              parser.o (strtok)
/usr/bin/../lib/gcc/arm-none-eabi/4.9.3/../../../../arm-none-eabi/lib/armv7e-m/softfp/libg.a(lib_a-strtok_r.o)
                              /usr/bin/../lib/gcc/arm-none-eabi/4.9.3/../../../../arm-none-eabi/lib/armv7e-m/softfp/libg.a(lib_a-strtok.o) (__strtok_r)
/usr/bin/../lib/gcc/arm-none-eabi/4.9.3/../../../../arm-none-eabi/lib/armv7e-m/softfp/libg.a(lib_a-strtol.o)
                              parser.o (strtol)
/usr/bin/../lib/gcc/arm-none-eabi/4.9.3/../../../../arm-none-eabi/lib/armv7e-m/softfp/libg.a(lib_a-strtoul.o)
                              parser.o (strtoul)
/usr/bin/../lib/gcc/arm-none-eabi/4.9.3/../../../../arm-none-eabi/lib/armv7e-m/softfp/libg.a(lib_a-__call_atexit.o)
                              /usr/bin/../lib/gcc/arm-none-eabi/4.9.3/../../../../arm-none-eabi/lib/armv7e-m/softfp/libg.a(lib_a-exit.o) (__call_exitprocs)
/usr/bin/../lib/gcc/arm-none-eabi/4.9.3/../../../../arm-none-eabi/lib/armv7e-m/softfp/libg.a(lib_a-atexit.o)
                              /usr/bin/../lib/gcc/arm-none-eabi/4.9.3/../../../../arm-none-eabi/lib/armv7e-m/softfp/libg.a(lib_a-__call_atexit.o) (atexit)
/usr/bin/../lib/gcc/arm-none-eabi/4.9.3/../../../../arm-none-eabi/lib/armv7e-m/softfp/libg.a(lib_a-fflush.o)
                              /usr/bin/../lib/gcc/arm-none-eabi/4.9.3/../../../../arm-none-eabi/lib/armv7e-m/softfp/libg.a(lib_a-setvbuf.o) (_fflush_r)
/usr/bin/../lib/gcc/arm-none-eabi/4.9.3/../../../../arm-none-eabi/lib/armv7e-m/softfp/libg.a(lib_a-findfp.o)
                              /usr/bin/../lib/gcc/arm-none-eabi/4.9.3/../../../../arm-none-eabi/lib/armv7e-m/softfp/libg.a(lib_a-setvbuf.o) (_cleanup_r)
/usr/bin/../lib/gcc/arm-none-eabi/4.9.3/../../../../arm-none-eabi/lib/armv7e-m/softfp/libg.a(lib_a-fini.o)
                              /usr/bin/../lib/gcc/arm-none-eabi/4.9.3/../../../../arm-none-eabi/lib/armv7e-m/softfp/libg.a(lib_a-__call_atexit.o) (__libc_fini_array)
/usr/bin/../lib/gcc/arm-none-eabi/4.9.3/../../../../arm-none-eabi/lib/armv7e-m/softfp/libg.a(lib_a-freer.o)
                              /usr/bin/../lib/gcc/arm-none-eabi/4.9.3/../../../../arm-none-eabi/lib/armv7e-m/softfp/libg.a(lib_a-setvbuf.o) (_free_r)
/usr/bin/../lib/gcc/arm-none-eabi/4.9.3/../../../../arm-none-eabi/lib/armv7e-m/softfp/libg.a(lib_a-fvwrite.o)
                              /usr/bin/../lib/gcc/arm-none-eabi/4.9.3/../../../../arm-none-eabi/lib/armv7e-m/softfp/libg.a(lib_a-puts.o) (__sfvwrite_r)
[...]
Memory Configuration

Name             Origin             Length             Attributes
FLASH            0x0000000008000000 0x0000000000040000 xr
RAM              0x0000000020000000 0x000000000000a000 xrw
CCMRAM           0x0000000010000000 0x0000000000002000 rw
*default*        0x0000000000000000 0xffffffffffffffff

Linker script and memory map

LOAD /usr/bin/../lib/gcc/arm-none-eabi/4.9.3/armv7e-m/softfp/crti.o
LOAD /usr/bin/../lib/gcc/arm-none-eabi/4.9.3/armv7e-m/softfp/crtbegin.o
LOAD /usr/bin/../lib/gcc/arm-none-eabi/4.9.3/../../../../arm-none-eabi/lib/armv7e-m/softfp/crt0.o
LOAD main.o
LOAD monitor.o
LOAD uart.o
LOAD parser.o
LOAD dump.o
LOAD syscall.o
LOAD terminal.o
LOAD decoder/decoder.o
LOAD decoder/STM32F30x_decoder.o
LOAD printf_stdarg.o
LOAD mytest.o
LOAD mycode.o
LOAD Drivers/CMSIS/Device/ST/STM32F3xx/Source/Templates/system_stm32f3xx.o
LOAD Drivers/STM32F3xx_HAL_Driver/Src/stm32f3xx_hal_rcc.o
LOAD Drivers/STM32F3xx_HAL_Driver/Src/stm32f3xx_hal.o
LOAD Drivers/STM32F3xx_HAL_Driver/Src/stm32f3xx_hal_cortex.o
LOAD Drivers/STM32F3xx_HAL_Driver/Src/stm32f3xx_hal_uart.o
LOAD Drivers/STM32F3xx_HAL_Driver/Src/stm32f3xx_hal_gpio.o
LOAD Drivers/STM32F3xx_HAL_Driver/Src/stm32f3xx_hal_pcd.o
LOAD Drivers/STM32F3xx_HAL_Driver/Src/stm32f3xx_hal_pcd_ex.o
LOAD Drivers/STM32F3xx_HAL_Driver/Src/stm32f3xx_hal_i2c.o
LOAD Drivers/STM32F3xx_HAL_Driver/Src/stm32f3xx_hal_spi.o
LOAD Drivers/STM32_USB_Device_Library/Core/Src/usbd_core.o
LOAD Drivers/STM32_USB_Device_Library/Core/Src/usbd_ctlreq.o
LOAD Drivers/STM32_USB_Device_Library/Core/Src/usbd_ioreq.o
LOAD Drivers/STM32_USB_Device_Library/Class/CDC/Src/usbd_cdc.o
LOAD usbd_conf.o
LOAD usbd_desc.o
LOAD usbd_cdc_interface.o
LOAD Drivers/BSP/STM32F3-Discovery/stm32f3_discovery.o
LOAD Drivers/BSP/STM32F3-Discovery/stm32f3_discovery_accelerometer.o
LOAD Drivers/BSP/STM32F3-Discovery/stm32f3_discovery_gyroscope.o
LOAD Drivers/BSP/Components/lsm303dlhc/lsm303dlhc.o
LOAD Drivers/BSP/Components/l3gd20/l3gd20.o
LOAD Drivers/CMSIS/Device/ST/STM32F3xx/Source/Templates/gcc/startup_stm32f303xc.o
START GROUP
LOAD /usr/bin/../lib/gcc/arm-none-eabi/4.9.3/armv7e-m/softfp/libgcc.a
LOAD /usr/bin/../lib/gcc/arm-none-eabi/4.9.3/../../../../arm-none-eabi/lib/armv7e-m/softfp/libg.a
LOAD /usr/bin/../lib/gcc/arm-none-eabi/4.9.3/../../../../arm-none-eabi/lib/armv7e-m/softfp/libc.a
END GROUP
LOAD /usr/bin/../lib/gcc/arm-none-eabi/4.9.3/armv7e-m/softfp/crtend.o
LOAD /usr/bin/../lib/gcc/arm-none-eabi/4.9.3/armv7e-m/softfp/crtn.o
                0x0000000020007fff                _estack = 0x20007fff
                0x0000000000000200                _Min_Heap_Size = 0x200
                0x0000000000000400                _Min_Stack_Size = 0x400

.isr_vector     0x0000000008000000      0x188
                0x0000000008000000                . = ALIGN (0x4)
 *(.isr_vector)
 .isr_vector    0x0000000008000000      0x188 Drivers/CMSIS/Device/ST/STM32F3xx/Source/Templates/gcc/startup_stm32f303xc.o
                0x0000000008000000                g_pfnVectors
                0x0000000008000188                . = ALIGN (0x4)

.text           0x0000000008000188     0x69e4
                0x0000000008000188                . = ALIGN (0x4)
 *(.text)
 .text          0x0000000008000188       0x5c /usr/bin/../lib/gcc/arm-none-eabi/4.9.3/armv7e-m/softfp/crtbegin.o
 .text          0x00000000080001e4       0x3c mycode.o
                0x00000000080001e4                mytest
                0x00000000080001fc                my_Tick
                0x0000000008000210                my_Loop
                0x0000000008000214                my_Init
 .text          0x0000000008000220      0x134 /usr/bin/../lib/gcc/arm-none-eabi/4.9.3/../../../../arm-none-eabi/lib/armv7e-m/softfp/libg.a(lib_a-memcpy.o)
                0x0000000008000220                memcpy
 *(.text*)
 .text.CmdLED   0x0000000008000354       0x5c main.o
                0x0000000008000354                CmdLED
 .text.CmdAccel
                0x00000000080003b0       0x28 main.o
                0x00000000080003b0                CmdAccel
 .text.CmdGyro  0x00000000080003d8       0x54 main.o
                0x00000000080003d8                CmdGyro
 .text.CmdButton
                0x000000000800042c       0x2c main.o
                0x000000000800042c                CmdButton
 .text.Error_Handler
                0x0000000008000458        0xa main.o
                0x0000000008000458                Error_Handler
 *fill*         0x0000000008000462        0x2 
 .text.startup.main
                0x0000000008000464       0x8c main.o
                0x0000000008000464                main
 .text.SysTick_Handler
                0x00000000080004f0        0x4 main.o
                0x00000000080004f0                SysTick_Handler
 .text.CmdW     0x00000000080004f4       0x1c monitor.o
                0x00000000080004f4                CmdW
 .text.CmdR     0x0000000008000510       0x20 monitor.o
                0x0000000008000510                CmdR
 .text.parse    0x0000000008000530      0x104 parser.o
                0x0000000008000530                parse
 .text.TaskInput
                0x0000000008000634      0x12c parser.o
                0x0000000008000634                TaskInput
 .text.fetch_uint32_arg
                0x0000000008000760       0x28 parser.o
                0x0000000008000760                fetch_uint32_arg
 .text.fetch_string_arg
                0x0000000008000788       0x20 parser.o
                0x0000000008000788                fetch_string_arg
 .text.DumpBuffer
                0x00000000080007a8       0xb4 dump.o
                0x00000000080007a8                DumpBuffer
 .text.CmdDump  0x000000000800085c       0x54 dump.o
                0x000000000800085c                CmdDump
 .text._sbrk_r  0x00000000080008b0       0x34 syscall.o
                0x00000000080008b0                _sbrk_r
 .text._close_r
                0x00000000080008e4        0x6 syscall.o
                0x00000000080008e4                _close_r
 .text._fstat_r
                0x00000000080008ea        0xa syscall.o
                0x00000000080008ea                _fstat_r
 .text._isatty_r
                0x00000000080008f4        0x4 syscall.o
                0x00000000080008f4                _isatty_r
 .text._lseek_r
                0x00000000080008f8        0x4 syscall.o
                0x00000000080008f8                _lseek_r
 .text.USBD_CDC_DataIn
                0x00000000080008fc       0x80 terminal.o
 .text.CmdStats
                0x000000000800097c       0x54 terminal.o
                0x000000000800097c                CmdStats
 .text.TerminalInit
                0x00000000080009d0       0x7c terminal.o
                0x00000000080009d0                TerminalInit
 .text.TerminalRead
                0x0000000008000a4c       0x4c terminal.o
                0x0000000008000a4c                TerminalRead
 .text._read_r  0x0000000008000a98        0xa terminal.o
                0x0000000008000a98                _read_r
 .text.TerminalReadNonBlock
                0x0000000008000aa2       0x10 terminal.o
                0x0000000008000aa2                TerminalReadNonBlock
 .text.TerminalReadAnyNonBlock
                0x0000000008000ab2       0x12 terminal.o
                0x0000000008000ab2                TerminalReadAnyNonBlock
 .text.TerminalOutputBufferWrite
                0x0000000008000ac4       0xe8 terminal.o
                0x0000000008000ac4                TerminalOutputBufferWrite
 .text._write_r
                0x0000000008000bac       0x38 terminal.o
                0x0000000008000bac                _write_r
 .text.TerminalInputBufferWrite
                0x0000000008000be4       0x70 terminal.o
                0x0000000008000be4                TerminalInputBufferWrite
 .text.USB_LP_CAN_RX0_IRQHandler
                0x0000000008000c54        0xc terminal.o
                0x0000000008000c54                USB_LP_CAN_RX0_IRQHandler
 .text.DecodeReadRegister
                0x0000000008000c60       0x40 decoder/decoder.o
                0x0000000008000c60                DecodeReadRegister
 .text.DecodeWriteRegister
                0x0000000008000ca0       0x3c decoder/decoder.o
                0x0000000008000ca0                DecodeWriteRegister
 .text.DecodeField
                0x0000000008000cdc       0x40 decoder/decoder.o
                0x0000000008000cdc                DecodeField
 .text.DecodeRegister
                0x0000000008000d1c       0x4c decoder/decoder.o
                0x0000000008000d1c                DecodeRegister
 .text.DecodePeripheral
                0x0000000008000d68       0x3c decoder/decoder.o
                0x0000000008000d68                DecodePeripheral
 .text.DecodePrintPeripherals
                0x0000000008000da4       0x44 decoder/decoder.o
                0x0000000008000da4                DecodePrintPeripherals
 .text.DecodePrintRegisters
                0x0000000008000de8       0x48 decoder/decoder.o
                0x0000000008000de8                DecodePrintRegisters
 .text.CmdDecode
                0x0000000008000e30      0x1e4 decoder/decoder.o
                0x0000000008000e30                CmdDecode
 .text.printchar
                0x0000000008001014       0x28 printf_stdarg.o
 .text.prints   0x000000000800103c       0x86 printf_stdarg.o
 .text.printi   0x00000000080010c2       0xa6 printf_stdarg.o
 .text.print    0x0000000008001168      0x120 printf_stdarg.o
 .text.printf   0x0000000008001288       0x1c printf_stdarg.o
                0x0000000008001288                printf
 .text.CmdTest  0x00000000080012a4       0x30 mytest.o
                0x00000000080012a4                CmdTest
 .text.SystemInit
                0x00000000080012d4       0x68 Drivers/CMSIS/Device/ST/STM32F3xx/Source/Templates/system_stm32f3xx.o
                0x00000000080012d4                SystemInit
 .text.HAL_RCC_OscConfig
                0x000000000800133c      0x5d4 Drivers/STM32F3xx_HAL_Driver/Src/stm32f3xx_hal_rcc.o
                0x000000000800133c                HAL_RCC_OscConfig
 .text.HAL_RCC_ClockConfig
                0x0000000008001910      0x2cc Drivers/STM32F3xx_HAL_Driver/Src/stm32f3xx_hal_rcc.o
                0x0000000008001910                HAL_RCC_ClockConfig
 .text.HAL_RCC_GetSysClockFreq
                0x0000000008001bdc       0x6c Drivers/STM32F3xx_HAL_Driver/Src/stm32f3xx_hal_rcc.o
                0x0000000008001bdc                HAL_RCC_GetSysClockFreq
 .text.HAL_RCC_GetHCLKFreq
                0x0000000008001c48       0x38 Drivers/STM32F3xx_HAL_Driver/Src/stm32f3xx_hal_rcc.o
                0x0000000008001c48                HAL_RCC_GetHCLKFreq
 .text.HAL_MspInit
                0x0000000008001c80        0x2 Drivers/STM32F3xx_HAL_Driver/Src/stm32f3xx_hal.o
                0x0000000008001c80                HAL_MspInit
 .text.HAL_InitTick
                0x0000000008001c82       0x24 Drivers/STM32F3xx_HAL_Driver/Src/stm32f3xx_hal.o
                0x0000000008001c82                HAL_InitTick
 *fill*         0x0000000008001ca6        0x2 
 .text.HAL_Init
                0x0000000008001ca8       0x24 Drivers/STM32F3xx_HAL_Driver/Src/stm32f3xx_hal.o
                0x0000000008001ca8                HAL_Init
 .text.HAL_IncTick
                0x0000000008001ccc       0x10 Drivers/STM32F3xx_HAL_Driver/Src/stm32f3xx_hal.o
                0x0000000008001ccc                HAL_IncTick
 .text.HAL_GetTick
                0x0000000008001cdc        0xc Drivers/STM32F3xx_HAL_Driver/Src/stm32f3xx_hal.o
                0x0000000008001cdc                HAL_GetTick
 .text.HAL_Delay
                0x0000000008001ce8       0x1a Drivers/STM32F3xx_HAL_Driver/Src/stm32f3xx_hal.o
                0x0000000008001ce8                HAL_Delay
 *fill*         0x0000000008001d02        0x2 
 .text.HAL_NVIC_SetPriorityGrouping
                0x0000000008001d04       0x24 Drivers/STM32F3xx_HAL_Driver/Src/stm32f3xx_hal_cortex.o
                0x0000000008001d04                HAL_NVIC_SetPriorityGrouping
 .text.HAL_NVIC_SetPriority
                0x0000000008001d28       0x60 Drivers/STM32F3xx_HAL_Driver/Src/stm32f3xx_hal_cortex.o
                0x0000000008001d28                HAL_NVIC_SetPriority
 .text.HAL_NVIC_EnableIRQ
                0x0000000008001d88       0x18 Drivers/STM32F3xx_HAL_Driver/Src/stm32f3xx_hal_cortex.o
                0x0000000008001d88                HAL_NVIC_EnableIRQ
 .text.HAL_SYSTICK_Config
                0x0000000008001da0       0x2c Drivers/STM32F3xx_HAL_Driver/Src/stm32f3xx_hal_cortex.o
                0x0000000008001da0                HAL_SYSTICK_Config
 .text.HAL_GPIO_Init
                0x0000000008001dcc      0x188 Drivers/STM32F3xx_HAL_Driver/Src/stm32f3xx_hal_gpio.o
                0x0000000008001dcc                HAL_GPIO_Init
 .text.HAL_GPIO_ReadPin
                0x0000000008001f54        0xc Drivers/STM32F3xx_HAL_Driver/Src/stm32f3xx_hal_gpio.o
                0x0000000008001f54                HAL_GPIO_ReadPin
 .text.HAL_GPIO_WritePin
                0x0000000008001f60        0xa Drivers/STM32F3xx_HAL_Driver/Src/stm32f3xx_hal_gpio.o
                0x0000000008001f60                HAL_GPIO_WritePin
 .text.HAL_GPIO_TogglePin
                0x0000000008001f6a        0x8 Drivers/STM32F3xx_HAL_Driver/Src/stm32f3xx_hal_gpio.o
                0x0000000008001f6a                HAL_GPIO_TogglePin
 .text.HAL_PCD_Init
                0x0000000008001f72       0x9a Drivers/STM32F3xx_HAL_Driver/Src/stm32f3xx_hal_pcd.o
                0x0000000008001f72                HAL_PCD_Init
 .text.HAL_PCD_Start
                0x000000000800200c        0xc Drivers/STM32F3xx_HAL_Driver/Src/stm32f3xx_hal_pcd.o
                0x000000000800200c                HAL_PCD_Start
 .text.HAL_PCD_SetAddress
                0x0000000008002018       0x2c Drivers/STM32F3xx_HAL_Driver/Src/stm32f3xx_hal_pcd.o
                0x0000000008002018                HAL_PCD_SetAddress
 .text.HAL_PCD_EP_Open
                0x0000000008002044      0x338 Drivers/STM32F3xx_HAL_Driver/Src/stm32f3xx_hal_pcd.o
                0x0000000008002044                HAL_PCD_EP_Open
 .text.HAL_PCD_EP_Close
                0x000000000800237c      0x1b0 Drivers/STM32F3xx_HAL_Driver/Src/stm32f3xx_hal_pcd.o
                0x000000000800237c                HAL_PCD_EP_Close
 .text.HAL_PCD_EP_Receive
                0x000000000800252c       0xf4 Drivers/STM32F3xx_HAL_Driver/Src/stm32f3xx_hal_pcd.o
                0x000000000800252c                HAL_PCD_EP_Receive
 .text.HAL_PCD_EP_GetRxCount
                0x0000000008002620       0x10 Drivers/STM32F3xx_HAL_Driver/Src/stm32f3xx_hal_pcd.o
                0x0000000008002620                HAL_PCD_EP_GetRxCount
 .text.HAL_PCD_EP_Transmit
                0x0000000008002630      0x182 Drivers/STM32F3xx_HAL_Driver/Src/stm32f3xx_hal_pcd.o
                0x0000000008002630                HAL_PCD_EP_Transmit
 .text.HAL_PCD_IRQHandler
                0x00000000080027b2      0x4a6 Drivers/STM32F3xx_HAL_Driver/Src/stm32f3xx_hal_pcd.o
                0x00000000080027b2                HAL_PCD_IRQHandler
 .text.HAL_PCD_EP_SetStall
                0x0000000008002c58       0xa2 Drivers/STM32F3xx_HAL_Driver/Src/stm32f3xx_hal_pcd.o
                0x0000000008002c58                HAL_PCD_EP_SetStall
 .text.HAL_PCD_EP_ClrStall
                0x0000000008002cfa       0xc8 Drivers/STM32F3xx_HAL_Driver/Src/stm32f3xx_hal_pcd.o
                0x0000000008002cfa                HAL_PCD_EP_ClrStall
 .text.HAL_PCDEx_PMAConfig
                0x0000000008002dc2       0x34 Drivers/STM32F3xx_HAL_Driver/Src/stm32f3xx_hal_pcd_ex.o
                0x0000000008002dc2                HAL_PCDEx_PMAConfig
 .text.PCD_WritePMA
                0x0000000008002df6       0x2e Drivers/STM32F3xx_HAL_Driver/Src/stm32f3xx_hal_pcd_ex.o
                0x0000000008002df6                PCD_WritePMA
 .text.PCD_ReadPMA
                0x0000000008002e24       0x22 Drivers/STM32F3xx_HAL_Driver/Src/stm32f3xx_hal_pcd_ex.o
                0x0000000008002e24                PCD_ReadPMA
 .text.HAL_PCDEx_SetConnectionState
                0x0000000008002e46        0x2 Drivers/STM32F3xx_HAL_Driver/Src/stm32f3xx_hal_pcd_ex.o
                0x0000000008002e46                HAL_PCDEx_SetConnectionState
 .text.I2C_TransferConfig
                0x0000000008002e48       0x2a Drivers/STM32F3xx_HAL_Driver/Src/stm32f3xx_hal_i2c.o
 *fill*         0x0000000008002e72        0x2 
 .text.I2C_IsAcknowledgeFailed
                0x0000000008002e74       0x90 Drivers/STM32F3xx_HAL_Driver/Src/stm32f3xx_hal_i2c.o
 .text.I2C_WaitOnFlagUntilTimeout
                0x0000000008002f04       0x68 Drivers/STM32F3xx_HAL_Driver/Src/stm32f3xx_hal_i2c.o
 .text.I2C_WaitOnTXISFlagUntilTimeout
                0x0000000008002f6c       0x54 Drivers/STM32F3xx_HAL_Driver/Src/stm32f3xx_hal_i2c.o
 .text.I2C_RequestMemoryWrite
                0x0000000008002fc0       0x64 Drivers/STM32F3xx_HAL_Driver/Src/stm32f3xx_hal_i2c.o
 .text.I2C_RequestMemoryRead
                0x0000000008003024       0x62 Drivers/STM32F3xx_HAL_Driver/Src/stm32f3xx_hal_i2c.o
 .text.I2C_WaitOnSTOPFlagUntilTimeout
                0x0000000008003086       0x50 Drivers/STM32F3xx_HAL_Driver/Src/stm32f3xx_hal_i2c.o
 .text.HAL_I2C_MspInit
                0x00000000080030d6        0x2 Drivers/STM32F3xx_HAL_Driver/Src/stm32f3xx_hal_i2c.o
                0x00000000080030d6                HAL_I2C_MspInit
 .text.HAL_I2C_Init
                0x00000000080030d8       0x90 Drivers/STM32F3xx_HAL_Driver/Src/stm32f3xx_hal_i2c.o
                0x00000000080030d8                HAL_I2C_Init
 .text.HAL_I2C_MspDeInit
                0x0000000008003168        0x2 Drivers/STM32F3xx_HAL_Driver/Src/stm32f3xx_hal_i2c.o
                0x0000000008003168                HAL_I2C_MspDeInit
 .text.HAL_I2C_DeInit
                0x000000000800316a       0x2e Drivers/STM32F3xx_HAL_Driver/Src/stm32f3xx_hal_i2c.o
                0x000000000800316a                HAL_I2C_DeInit
 .text.HAL_I2C_Mem_Write
                0x0000000008003198       0xf8 Drivers/STM32F3xx_HAL_Driver/Src/stm32f3xx_hal_i2c.o
                0x0000000008003198                HAL_I2C_Mem_Write
 .text.HAL_I2C_Mem_Read
                0x0000000008003290      0x104 Drivers/STM32F3xx_HAL_Driver/Src/stm32f3xx_hal_i2c.o
                0x0000000008003290                HAL_I2C_Mem_Read
 .text.HAL_I2C_GetState
                0x0000000008003394        0x6 Drivers/STM32F3xx_HAL_Driver/Src/stm32f3xx_hal_i2c.o
                0x0000000008003394                HAL_I2C_GetState
 .text.SPI_WaitFlagStateUntilTimeout
                0x000000000800339a       0x8c Drivers/STM32F3xx_HAL_Driver/Src/stm32f3xx_hal_spi.o
 .text.SPI_WaitFifoStateUntilTimeout
                0x0000000008003426       0x9c Drivers/STM32F3xx_HAL_Driver/Src/stm32f3xx_hal_spi.o
 .text.SPI_EndRxTxTransaction
                0x00000000080034c2       0x42 Drivers/STM32F3xx_HAL_Driver/Src/stm32f3xx_hal_spi.o
 .text.HAL_SPI_MspInit
                0x0000000008003504        0x2 Drivers/STM32F3xx_HAL_Driver/Src/stm32f3xx_hal_spi.o
                0x0000000008003504                HAL_SPI_MspInit
 .text.HAL_SPI_Init
                0x0000000008003506       0xa6 Drivers/STM32F3xx_HAL_Driver/Src/stm32f3xx_hal_spi.o
                0x0000000008003506                HAL_SPI_Init
 .text.HAL_SPI_MspDeInit
                0x00000000080035ac        0x2 Drivers/STM32F3xx_HAL_Driver/Src/stm32f3xx_hal_spi.o
                0x00000000080035ac                HAL_SPI_MspDeInit
 .text.HAL_SPI_DeInit
                0x00000000080035ae       0x2e Drivers/STM32F3xx_HAL_Driver/Src/stm32f3xx_hal_spi.o
                0x00000000080035ae                HAL_SPI_DeInit
 .text.HAL_SPI_TransmitReceive
                0x00000000080035dc      0x29a Drivers/STM32F3xx_HAL_Driver/Src/stm32f3xx_hal_spi.o
                0x00000000080035dc                HAL_SPI_TransmitReceive
 .text.HAL_SPI_GetState
                0x0000000008003876        0x6 Drivers/STM32F3xx_HAL_Driver/Src/stm32f3xx_hal_spi.o
                0x0000000008003876                HAL_SPI_GetState
 .text.USBD_Init
                0x000000000800387c       0x2a Drivers/STM32_USB_Device_Library/Core/Src/usbd_core.o
                0x000000000800387c                USBD_Init
 .text.USBD_RegisterClass
                0x00000000080038a6        0xe Drivers/STM32_USB_Device_Library/Core/Src/usbd_core.o
                0x00000000080038a6                USBD_RegisterClass
 .text.USBD_Start
                0x00000000080038b4        0xa Drivers/STM32_USB_Device_Library/Core/Src/usbd_core.o
                0x00000000080038b4                USBD_Start
 .text.USBD_SetClassConfig
                0x00000000080038be       0x16 Drivers/STM32_USB_Device_Library/Core/Src/usbd_core.o
                0x00000000080038be                USBD_SetClassConfig
 .text.USBD_ClrClassConfig
                0x00000000080038d4        0xe Drivers/STM32_USB_Device_Library/Core/Src/usbd_core.o
                0x00000000080038d4                USBD_ClrClassConfig
 .text.USBD_LL_SetupStage
                0x00000000080038e2       0x5a Drivers/STM32_USB_Device_Library/Core/Src/usbd_core.o
                0x00000000080038e2                USBD_LL_SetupStage
 .text.USBD_LL_DataOutStage
                0x000000000800393c       0x60 Drivers/STM32_USB_Device_Library/Core/Src/usbd_core.o
                0x000000000800393c                USBD_LL_DataOutStage
 .text.USBD_LL_DataInStage
                0x000000000800399c       0x88 Drivers/STM32_USB_Device_Library/Core/Src/usbd_core.o
                0x000000000800399c                USBD_LL_DataInStage
 .text.USBD_LL_Reset
                0x0000000008003a24       0x3e Drivers/STM32_USB_Device_Library/Core/Src/usbd_core.o
                0x0000000008003a24                USBD_LL_Reset
 .text.USBD_LL_SetSpeed
                0x0000000008003a62        0x6 Drivers/STM32_USB_Device_Library/Core/Src/usbd_core.o
                0x0000000008003a62                USBD_LL_SetSpeed
 .text.USBD_LL_SOF
                0x0000000008003a68       0x18 Drivers/STM32_USB_Device_Library/Core/Src/usbd_core.o
                0x0000000008003a68                USBD_LL_SOF
 .text.USBD_ParseSetupRequest
                0x0000000008003a80       0x28 Drivers/STM32_USB_Device_Library/Core/Src/usbd_ctlreq.o
                0x0000000008003a80                USBD_ParseSetupRequest
 .text.USBD_CtlError
                0x0000000008003aa8       0x16 Drivers/STM32_USB_Device_Library/Core/Src/usbd_ctlreq.o
                0x0000000008003aa8                USBD_CtlError
 *fill*         0x0000000008003abe        0x2 
 .text.USBD_StdDevReq
                0x0000000008003ac0      0x218 Drivers/STM32_USB_Device_Library/Core/Src/usbd_ctlreq.o
                0x0000000008003ac0                USBD_StdDevReq
 .text.USBD_StdItfReq
                0x0000000008003cd8       0x30 Drivers/STM32_USB_Device_Library/Core/Src/usbd_ctlreq.o
                0x0000000008003cd8                USBD_StdItfReq
 .text.USBD_StdEPReq
                0x0000000008003d08       0xb2 Drivers/STM32_USB_Device_Library/Core/Src/usbd_ctlreq.o
                0x0000000008003d08                USBD_StdEPReq
 .text.USBD_GetString
                0x0000000008003dba       0x3a Drivers/STM32_USB_Device_Library/Core/Src/usbd_ctlreq.o
                0x0000000008003dba                USBD_GetString
 .text.USBD_CtlSendData
                0x0000000008003df4       0x1c Drivers/STM32_USB_Device_Library/Core/Src/usbd_ioreq.o
                0x0000000008003df4                USBD_CtlSendData
 .text.USBD_CtlContinueSendData
                0x0000000008003e10       0x12 Drivers/STM32_USB_Device_Library/Core/Src/usbd_ioreq.o
                0x0000000008003e10                USBD_CtlContinueSendData
 .text.USBD_CtlPrepareRx
                0x0000000008003e22       0x20 Drivers/STM32_USB_Device_Library/Core/Src/usbd_ioreq.o
                0x0000000008003e22                USBD_CtlPrepareRx
 .text.USBD_CtlContinueRx
                0x0000000008003e42       0x12 Drivers/STM32_USB_Device_Library/Core/Src/usbd_ioreq.o
                0x0000000008003e42                USBD_CtlContinueRx
 .text.USBD_CtlSendStatus
                0x0000000008003e54       0x16 Drivers/STM32_USB_Device_Library/Core/Src/usbd_ioreq.o
                0x0000000008003e54                USBD_CtlSendStatus
 .text.USBD_CtlReceiveStatus
                0x0000000008003e6a       0x16 Drivers/STM32_USB_Device_Library/Core/Src/usbd_ioreq.o
                0x0000000008003e6a                USBD_CtlReceiveStatus
 .text.USBD_CDC_DataIn
                0x0000000008003e80       0x12 Drivers/STM32_USB_Device_Library/Class/CDC/Src/usbd_cdc.o
 .text.USBD_CDC_EP0_RxReady
                0x0000000008003e92       0x28 Drivers/STM32_USB_Device_Library/Class/CDC/Src/usbd_cdc.o
 *fill*         0x0000000008003eba        0x2 
 .text.USBD_CDC_GetFSCfgDesc
                0x0000000008003ebc        0xc Drivers/STM32_USB_Device_Library/Class/CDC/Src/usbd_cdc.o
 .text.USBD_CDC_GetHSCfgDesc
                0x0000000008003ec8        0xc Drivers/STM32_USB_Device_Library/Class/CDC/Src/usbd_cdc.o
 .text.USBD_CDC_GetOtherSpeedCfgDesc
                0x0000000008003ed4        0xc Drivers/STM32_USB_Device_Library/Class/CDC/Src/usbd_cdc.o
 .text.USBD_CDC_GetDeviceQualifierDescriptor
                0x0000000008003ee0        0xc Drivers/STM32_USB_Device_Library/Class/CDC/Src/usbd_cdc.o
                0x0000000008003ee0                USBD_CDC_GetDeviceQualifierDescriptor
 .text.USBD_CDC_DataOut
                0x0000000008003eec       0x2e Drivers/STM32_USB_Device_Library/Class/CDC/Src/usbd_cdc.o
 .text.USBD_CDC_Setup
                0x0000000008003f1a       0x5a Drivers/STM32_USB_Device_Library/Class/CDC/Src/usbd_cdc.o
 .text.USBD_CDC_DeInit
                0x0000000008003f74       0x3a Drivers/STM32_USB_Device_Library/Class/CDC/Src/usbd_cdc.o
 .text.USBD_CDC_Init
                0x0000000008003fae       0x86 Drivers/STM32_USB_Device_Library/Class/CDC/Src/usbd_cdc.o
 .text.USBD_CDC_RegisterInterface
                0x0000000008004034        0xe Drivers/STM32_USB_Device_Library/Class/CDC/Src/usbd_cdc.o
                0x0000000008004034                USBD_CDC_RegisterInterface
 .text.USBD_CDC_SetTxBuffer
                0x0000000008004042       0x10 Drivers/STM32_USB_Device_Library/Class/CDC/Src/usbd_cdc.o
                0x0000000008004042                USBD_CDC_SetTxBuffer
 .text.USBD_CDC_SetRxBuffer
                0x0000000008004052        0xc Drivers/STM32_USB_Device_Library/Class/CDC/Src/usbd_cdc.o
                0x0000000008004052                USBD_CDC_SetRxBuffer
 .text.USBD_CDC_TransmitPacket
                0x000000000800405e       0x2e Drivers/STM32_USB_Device_Library/Class/CDC/Src/usbd_cdc.o
                0x000000000800405e                USBD_CDC_TransmitPacket
 .text.USBD_CDC_ReceivePacket
                0x000000000800408c       0x26 Drivers/STM32_USB_Device_Library/Class/CDC/Src/usbd_cdc.o
                0x000000000800408c                USBD_CDC_ReceivePacket
 *fill*         0x00000000080040b2        0x2 
 .text.HAL_PCD_MspInit
                0x00000000080040b4       0x9c usbd_conf.o
                0x00000000080040b4                HAL_PCD_MspInit
 .text.HAL_PCD_SetupStageCallback
                0x0000000008004150        0xe usbd_conf.o
                0x0000000008004150                HAL_PCD_SetupStageCallback
 .text.HAL_PCD_DataOutStageCallback
                0x000000000800415e       0x12 usbd_conf.o
                0x000000000800415e                HAL_PCD_DataOutStageCallback
 .text.HAL_PCD_DataInStageCallback
                0x0000000008004170       0x10 usbd_conf.o
                0x0000000008004170                HAL_PCD_DataInStageCallback
 .text.HAL_PCD_SOFCallback
                0x0000000008004180        0x8 usbd_conf.o
                0x0000000008004180                HAL_PCD_SOFCallback
 .text.HAL_PCD_ResetCallback
                0x0000000008004188       0x1a usbd_conf.o
                0x0000000008004188                HAL_PCD_ResetCallback
 .text.HAL_PCD_SuspendCallback
                0x00000000080041a2        0x2 usbd_conf.o
                0x00000000080041a2                HAL_PCD_SuspendCallback
 .text.HAL_PCD_ResumeCallback
                0x00000000080041a4        0x2 usbd_conf.o
                0x00000000080041a4                HAL_PCD_ResumeCallback
 *fill*         0x00000000080041a6        0x2 
 .text.USBD_LL_Init
                0x00000000080041a8       0x7c usbd_conf.o
                0x00000000080041a8                USBD_LL_Init
 .text.USBD_LL_Start
                0x0000000008004224        0xe usbd_conf.o
                0x0000000008004224                USBD_LL_Start
 .text.USBD_LL_OpenEP
                0x0000000008004232       0x14 usbd_conf.o
                0x0000000008004232                USBD_LL_OpenEP
 .text.USBD_LL_CloseEP
                0x0000000008004246        0xe usbd_conf.o
                0x0000000008004246                USBD_LL_CloseEP
 .text.USBD_LL_StallEP
                0x0000000008004254        0xe usbd_conf.o
                0x0000000008004254                USBD_LL_StallEP
 .text.USBD_LL_ClearStallEP
                0x0000000008004262        0xe usbd_conf.o
                0x0000000008004262                USBD_LL_ClearStallEP
 .text.USBD_LL_IsStallEP
                0x0000000008004270       0x26 usbd_conf.o
                0x0000000008004270                USBD_LL_IsStallEP
 .text.USBD_LL_SetUSBAddress
                0x0000000008004296        0xe usbd_conf.o
                0x0000000008004296                USBD_LL_SetUSBAddress
 .text.USBD_LL_Transmit
                0x00000000080042a4        0xe usbd_conf.o
                0x00000000080042a4                USBD_LL_Transmit
 .text.USBD_LL_PrepareReceive
                0x00000000080042b2        0xe usbd_conf.o
                0x00000000080042b2                USBD_LL_PrepareReceive
 .text.USBD_LL_GetRxDataSize
                0x00000000080042c0        0xc usbd_conf.o
                0x00000000080042c0                USBD_LL_GetRxDataSize
 .text.USBD_static_malloc
                0x00000000080042cc        0x8 usbd_conf.o
                0x00000000080042cc                USBD_static_malloc
 .text.USBD_static_free
                0x00000000080042d4        0x2 usbd_conf.o
                0x00000000080042d4                USBD_static_free
 *fill*         0x00000000080042d6        0x2 
 .text.USBD_VCP_DeviceDescriptor
                0x00000000080042d8        0xc usbd_desc.o
                0x00000000080042d8                USBD_VCP_DeviceDescriptor
 .text.USBD_VCP_LangIDStrDescriptor
                0x00000000080042e4        0xc usbd_desc.o
                0x00000000080042e4                USBD_VCP_LangIDStrDescriptor
 .text.IntToUnicode
                0x00000000080042f0       0x28 usbd_desc.o
 .text.USBD_VCP_SerialStrDescriptor
                0x0000000008004318       0x40 usbd_desc.o
                0x0000000008004318                USBD_VCP_SerialStrDescriptor
 .text.USBD_VCP_ProductStrDescriptor
                0x0000000008004358       0x1c usbd_desc.o
                0x0000000008004358                USBD_VCP_ProductStrDescriptor
 .text.USBD_VCP_ManufacturerStrDescriptor
                0x0000000008004374       0x1c usbd_desc.o
                0x0000000008004374                USBD_VCP_ManufacturerStrDescriptor
 .text.USBD_VCP_ConfigStrDescriptor
                0x0000000008004390       0x1c usbd_desc.o
                0x0000000008004390                USBD_VCP_ConfigStrDescriptor
 .text.USBD_VCP_InterfaceStrDescriptor
                0x00000000080043ac       0x1c usbd_desc.o
                0x00000000080043ac                USBD_VCP_InterfaceStrDescriptor
 .text.CDC_Itf_DeInit
                0x00000000080043c8        0x4 usbd_cdc_interface.o
 .text.CDC_Itf_Receive
                0x00000000080043cc       0x20 usbd_cdc_interface.o
 .text.CDC_Itf_Init
                0x00000000080043ec       0x18 usbd_cdc_interface.o
 .text.CDC_Itf_Control
                0x0000000008004404       0x58 usbd_cdc_interface.o
 .text.SPIx_Init
                0x000000000800445c       0x80 Drivers/BSP/STM32F3-Discovery/stm32f3_discovery.o
 .text.SPIx_WriteRead
                0x00000000080044dc       0x40 Drivers/BSP/STM32F3-Discovery/stm32f3_discovery.o
 .text.I2Cx_Init
                0x000000000800451c       0x6c Drivers/BSP/STM32F3-Discovery/stm32f3_discovery.o
 .text.BSP_LED_Init
                0x0000000008004588       0x68 Drivers/BSP/STM32F3-Discovery/stm32f3_discovery.o
                0x0000000008004588                BSP_LED_Init
 .text.BSP_LED_On
                0x00000000080045f0       0x1c Drivers/BSP/STM32F3-Discovery/stm32f3_discovery.o
                0x00000000080045f0                BSP_LED_On
 .text.BSP_LED_Off
                0x000000000800460c       0x1c Drivers/BSP/STM32F3-Discovery/stm32f3_discovery.o
                0x000000000800460c                BSP_LED_Off
 .text.BSP_LED_Toggle
                0x0000000008004628       0x1c Drivers/BSP/STM32F3-Discovery/stm32f3_discovery.o
                0x0000000008004628                BSP_LED_Toggle
 .text.BSP_PB_Init
                0x0000000008004644       0x74 Drivers/BSP/STM32F3-Discovery/stm32f3_discovery.o
                0x0000000008004644                BSP_PB_Init
 .text.BSP_PB_GetState
                0x00000000080046b8       0x14 Drivers/BSP/STM32F3-Discovery/stm32f3_discovery.o
                0x00000000080046b8                BSP_PB_GetState
 .text.GYRO_IO_Init
                0x00000000080046cc       0x68 Drivers/BSP/STM32F3-Discovery/stm32f3_discovery.o
                0x00000000080046cc                GYRO_IO_Init
 .text.GYRO_IO_Write
                0x0000000008004734       0x44 Drivers/BSP/STM32F3-Discovery/stm32f3_discovery.o
                0x0000000008004734                GYRO_IO_Write
 .text.GYRO_IO_Read
                0x0000000008004778       0x48 Drivers/BSP/STM32F3-Discovery/stm32f3_discovery.o
                0x0000000008004778                GYRO_IO_Read
 .text.COMPASSACCELERO_IO_Init
                0x00000000080047c0       0x64 Drivers/BSP/STM32F3-Discovery/stm32f3_discovery.o
                0x00000000080047c0                COMPASSACCELERO_IO_Init
 .text.COMPASSACCELERO_IO_ITConfig
                0x0000000008004824       0x48 Drivers/BSP/STM32F3-Discovery/stm32f3_discovery.o
                0x0000000008004824                COMPASSACCELERO_IO_ITConfig
 .text.COMPASSACCELERO_IO_Write
                0x000000000800486c       0x3c Drivers/BSP/STM32F3-Discovery/stm32f3_discovery.o
                0x000000000800486c                COMPASSACCELERO_IO_Write
 .text.COMPASSACCELERO_IO_Read
                0x00000000080048a8       0x40 Drivers/BSP/STM32F3-Discovery/stm32f3_discovery.o
                0x00000000080048a8                COMPASSACCELERO_IO_Read
 .text.BSP_ACCELERO_Init
                0x00000000080048e8       0x30 Drivers/BSP/STM32F3-Discovery/stm32f3_discovery_accelerometer.o
                0x00000000080048e8                BSP_ACCELERO_Init
 .text.BSP_ACCELERO_GetXYZ
                0x0000000008004918       0x10 Drivers/BSP/STM32F3-Discovery/stm32f3_discovery_accelerometer.o
                0x0000000008004918                BSP_ACCELERO_GetXYZ
 .text.BSP_GYRO_Init
                0x0000000008004928       0x44 Drivers/BSP/STM32F3-Discovery/stm32f3_discovery_gyroscope.o
                0x0000000008004928                BSP_GYRO_Init
 .text.BSP_GYRO_GetXYZ
                0x000000000800496c       0x10 Drivers/BSP/STM32F3-Discovery/stm32f3_discovery_gyroscope.o
                0x000000000800496c                BSP_GYRO_GetXYZ
 .text.LSM303DLHC_AccInit
                0x000000000800497c       0x20 Drivers/BSP/Components/lsm303dlhc/lsm303dlhc.o
                0x000000000800497c                LSM303DLHC_AccInit
 .text.LSM303DLHC_AccReadID
                0x000000000800499c       0x12 Drivers/BSP/Components/lsm303dlhc/lsm303dlhc.o
                0x000000000800499c                LSM303DLHC_AccReadID
 .text.LSM303DLHC_AccRebootCmd
                0x00000000080049ae       0x1c Drivers/BSP/Components/lsm303dlhc/lsm303dlhc.o
                0x00000000080049ae                LSM303DLHC_AccRebootCmd
 .text.LSM303DLHC_AccFilterConfig
                0x00000000080049ca       0x1e Drivers/BSP/Components/lsm303dlhc/lsm303dlhc.o
                0x00000000080049ca                LSM303DLHC_AccFilterConfig
 .text.LSM303DLHC_AccFilterCmd
                0x00000000080049e8       0x1e Drivers/BSP/Components/lsm303dlhc/lsm303dlhc.o
                0x00000000080049e8                LSM303DLHC_AccFilterCmd
 .text.LSM303DLHC_AccReadXYZ
                0x0000000008004a06       0xe6 Drivers/BSP/Components/lsm303dlhc/lsm303dlhc.o
                0x0000000008004a06                LSM303DLHC_AccReadXYZ
 .text.LSM303DLHC_AccFilterClickCmd
                0x0000000008004aec       0x1e Drivers/BSP/Components/lsm303dlhc/lsm303dlhc.o
                0x0000000008004aec                LSM303DLHC_AccFilterClickCmd
 .text.LSM303DLHC_AccIT1Enable
                0x0000000008004b0a       0x1e Drivers/BSP/Components/lsm303dlhc/lsm303dlhc.o
                0x0000000008004b0a                LSM303DLHC_AccIT1Enable
 .text.LSM303DLHC_AccClickITEnable
                0x0000000008004b28       0x46 Drivers/BSP/Components/lsm303dlhc/lsm303dlhc.o
                0x0000000008004b28                LSM303DLHC_AccClickITEnable
 .text.LSM303DLHC_AccZClickITConfig
                0x0000000008004b6e       0x1c Drivers/BSP/Components/lsm303dlhc/lsm303dlhc.o
                0x0000000008004b6e                LSM303DLHC_AccZClickITConfig
 .text.L3GD20_Init
                0x0000000008004b8a       0x32 Drivers/BSP/Components/l3gd20/l3gd20.o
                0x0000000008004b8a                L3GD20_Init
 .text.L3GD20_ReadID
                0x0000000008004bbc       0x1c Drivers/BSP/Components/l3gd20/l3gd20.o
                0x0000000008004bbc                L3GD20_ReadID
 .text.L3GD20_RebootCmd
                0x0000000008004bd8       0x2c Drivers/BSP/Components/l3gd20/l3gd20.o
                0x0000000008004bd8                L3GD20_RebootCmd
 .text.L3GD20_INT1InterruptConfig
                0x0000000008004c04       0x5c Drivers/BSP/Components/l3gd20/l3gd20.o
                0x0000000008004c04                L3GD20_INT1InterruptConfig
 .text.L3GD20_EnableIT
                0x0000000008004c60       0x40 Drivers/BSP/Components/l3gd20/l3gd20.o
                0x0000000008004c60                L3GD20_EnableIT
 .text.L3GD20_DisableIT
                0x0000000008004ca0       0x3c Drivers/BSP/Components/l3gd20/l3gd20.o
                0x0000000008004ca0                L3GD20_DisableIT
 .text.L3GD20_FilterConfig
                0x0000000008004cdc       0x2e Drivers/BSP/Components/l3gd20/l3gd20.o
                0x0000000008004cdc                L3GD20_FilterConfig
 .text.L3GD20_FilterCmd
                0x0000000008004d0a       0x2e Drivers/BSP/Components/l3gd20/l3gd20.o
                0x0000000008004d0a                L3GD20_FilterCmd
 .text.L3GD20_ReadXYZAngRate
                0x0000000008004d38       0xd8 Drivers/BSP/Components/l3gd20/l3gd20.o
                0x0000000008004d38                L3GD20_ReadXYZAngRate
 .text.Reset_Handler
                0x0000000008004e10       0x50 Drivers/CMSIS/Device/ST/STM32F3xx/Source/Templates/gcc/startup_stm32f303xc.o
                0x0000000008004e10                Reset_Handler
 .text.Default_Handler
                0x0000000008004e60        0x2 Drivers/CMSIS/Device/ST/STM32F3xx/Source/Templates/gcc/startup_stm32f303xc.o
                0x0000000008004e60                RTC_Alarm_IRQHandler
                0x0000000008004e60                TIM8_TRG_COM_IRQHandler
                0x0000000008004e60                TIM8_CC_IRQHandler
                0x0000000008004e60                DebugMon_Handler
                0x0000000008004e60                TIM1_CC_IRQHandler
                0x0000000008004e60                HardFault_Handler
                0x0000000008004e60                USB_HP_IRQHandler
                0x0000000008004e60                PVD_IRQHandler
                0x0000000008004e60                TAMP_STAMP_IRQHandler
                0x0000000008004e60                PendSV_Handler
                0x0000000008004e60                NMI_Handler
                0x0000000008004e60                EXTI3_IRQHandler
                0x0000000008004e60                USB_HP_CAN_TX_IRQHandler
                0x0000000008004e60                EXTI0_IRQHandler
                0x0000000008004e60                I2C2_EV_IRQHandler
                0x0000000008004e60                FPU_IRQHandler
                0x0000000008004e60                TIM1_UP_TIM16_IRQHandler
                0x0000000008004e60                UsageFault_Handler
                0x0000000008004e60                ADC1_2_IRQHandler
                0x0000000008004e60                SPI1_IRQHandler
                0x0000000008004e60                CAN_SCE_IRQHandler
                0x0000000008004e60                TIM6_DAC_IRQHandler
                0x0000000008004e60                TIM8_UP_IRQHandler
                0x0000000008004e60                DMA2_Channel2_IRQHandler
                0x0000000008004e60                DMA1_Channel4_IRQHandler
                0x0000000008004e60                USART3_IRQHandler
                0x0000000008004e60                DMA1_Channel7_IRQHandler
                0x0000000008004e60                UART5_IRQHandler
                0x0000000008004e60                ADC3_IRQHandler
                0x0000000008004e60                TIM4_IRQHandler
                0x0000000008004e60                CAN_RX1_IRQHandler
                0x0000000008004e60                DMA2_Channel1_IRQHandler
                0x0000000008004e60                I2C1_EV_IRQHandler
                0x0000000008004e60                DMA1_Channel6_IRQHandler
                0x0000000008004e60                UART4_IRQHandler
                0x0000000008004e60                DMA2_Channel4_IRQHandler
                0x0000000008004e60                TIM3_IRQHandler
                0x0000000008004e60                RCC_IRQHandler
                0x0000000008004e60                DMA1_Channel1_IRQHandler
                0x0000000008004e60                Default_Handler
                0x0000000008004e60                USBWakeUp_RMP_IRQHandler
                0x0000000008004e60                EXTI15_10_IRQHandler
                0x0000000008004e60                TIM7_IRQHandler
                0x0000000008004e60                EXTI9_5_IRQHandler
                0x0000000008004e60                RTC_WKUP_IRQHandler
                0x0000000008004e60                SPI2_IRQHandler
                0x0000000008004e60                MemManage_Handler
                0x0000000008004e60                SVC_Handler
                0x0000000008004e60                DMA2_Channel5_IRQHandler
                0x0000000008004e60                DMA1_Channel5_IRQHandler
                0x0000000008004e60                USB_LP_IRQHandler
                0x0000000008004e60                EXTI4_IRQHandler
                0x0000000008004e60                TIM1_TRG_COM_TIM17_IRQHandler
                0x0000000008004e60                DMA1_Channel3_IRQHandler
                0x0000000008004e60                ADC4_IRQHandler
                0x0000000008004e60                WWDG_IRQHandler
                0x0000000008004e60                TIM2_IRQHandler
                0x0000000008004e60                COMP7_IRQHandler
                0x0000000008004e60                COMP1_2_3_IRQHandler
                0x0000000008004e60                EXTI1_IRQHandler
                0x0000000008004e60                USART2_IRQHandler
                0x0000000008004e60                COMP4_5_6_IRQHandler
                0x0000000008004e60                I2C2_ER_IRQHandler
                0x0000000008004e60                DMA1_Channel2_IRQHandler
                0x0000000008004e60                TIM8_BRK_IRQHandler
                0x0000000008004e60                FLASH_IRQHandler
                0x0000000008004e60                BusFault_Handler
                0x0000000008004e60                USART1_IRQHandler
                0x0000000008004e60                SPI3_IRQHandler
                0x0000000008004e60                I2C1_ER_IRQHandler
                0x0000000008004e60                USBWakeUp_IRQHandler
                0x0000000008004e60                DMA2_Channel3_IRQHandler
                0x0000000008004e60                EXTI2_TSC_IRQHandler
                0x0000000008004e60                TIM1_BRK_TIM15_IRQHandler
 *fill*         0x0000000008004e62        0x2 
 .text.__errno  0x0000000008004e64        0xc /usr/bin/../lib/gcc/arm-none-eabi/4.9.3/../../../../arm-none-eabi/lib/armv7e-m/softfp/libg.a(lib_a-errno.o)
                0x0000000008004e64                __errno
 .text.__libc_init_array
                0x0000000008004e70       0x50 /usr/bin/../lib/gcc/arm-none-eabi/4.9.3/../../../../arm-none-eabi/lib/armv7e-m/softfp/libg.a(lib_a-init.o)
                0x0000000008004e70                __libc_init_array
 .text.memset   0x0000000008004ec0       0x9c /usr/bin/../lib/gcc/arm-none-eabi/4.9.3/../../../../arm-none-eabi/lib/armv7e-m/softfp/libg.a(lib_a-memset.o)
                0x0000000008004ec0                memset
 .text.putchar  0x0000000008004f5c       0x14 /usr/bin/../lib/gcc/arm-none-eabi/4.9.3/../../../../arm-none-eabi/lib/armv7e-m/softfp/libg.a(lib_a-putchar.o)
                0x0000000008004f5c                putchar
 .text._puts_r  0x0000000008004f70       0x64 /usr/bin/../lib/gcc/arm-none-eabi/4.9.3/../../../../arm-none-eabi/lib/armv7e-m/softfp/libg.a(lib_a-puts.o)
                0x0000000008004f70                _puts_r
 .text.puts     0x0000000008004fd4       0x10 /usr/bin/../lib/gcc/arm-none-eabi/4.9.3/../../../../arm-none-eabi/lib/armv7e-m/softfp/libg.a(lib_a-puts.o)
                0x0000000008004fd4                puts
 .text.setvbuf  0x0000000008004fe4       0xf8 /usr/bin/../lib/gcc/arm-none-eabi/4.9.3/../../../../arm-none-eabi/lib/armv7e-m/softfp/libg.a(lib_a-setvbuf.o)
                0x0000000008004fe4                setvbuf
 .text.strcasecmp
                0x00000000080050dc       0x44 /usr/bin/../lib/gcc/arm-none-eabi/4.9.3/../../../../arm-none-eabi/lib/armv7e-m/softfp/libg.a(lib_a-strcasecmp.o)
                0x00000000080050dc                strcasecmp
 .text.strcpy   0x0000000008005120       0xbc /usr/bin/../lib/gcc/arm-none-eabi/4.9.3/../../../../arm-none-eabi/lib/armv7e-m/softfp/libg.a(lib_a-strcpy.o)
                0x0000000008005120                strcpy
 .text.strlen   0x00000000080051dc       0x5c /usr/bin/../lib/gcc/arm-none-eabi/4.9.3/../../../../arm-none-eabi/lib/armv7e-m/softfp/libg.a(lib_a-strlen.o)
                0x00000000080051dc                strlen
 .text.strtok   0x0000000008005238       0x10 /usr/bin/../lib/gcc/arm-none-eabi/4.9.3/../../../../arm-none-eabi/lib/armv7e-m/softfp/libg.a(lib_a-strtok.o)
                0x0000000008005238                strtok
 .text.__strtok_r
                0x0000000008005248       0x64 /usr/bin/../lib/gcc/arm-none-eabi/4.9.3/../../../../arm-none-eabi/lib/armv7e-m/softfp/libg.a(lib_a-strtok_r.o)
                0x0000000008005248                __strtok_r
 .text._strtoul_r
                0x00000000080052ac      0x128 /usr/bin/../lib/gcc/arm-none-eabi/4.9.3/../../../../arm-none-eabi/lib/armv7e-m/softfp/libg.a(lib_a-strtoul.o)
                0x00000000080052ac                _strtoul_r
 .text.strtoul  0x00000000080053d4       0x18 /usr/bin/../lib/gcc/arm-none-eabi/4.9.3/../../../../arm-none-eabi/lib/armv7e-m/softfp/libg.a(lib_a-strtoul.o)
                0x00000000080053d4                strtoul
 .text.startup.register_fini
                0x00000000080053ec       0x14 /usr/bin/../lib/gcc/arm-none-eabi/4.9.3/../../../../arm-none-eabi/lib/armv7e-m/softfp/libg.a(lib_a-__call_atexit.o)
 .text.atexit   0x0000000008005400        0xc /usr/bin/../lib/gcc/arm-none-eabi/4.9.3/../../../../arm-none-eabi/lib/armv7e-m/softfp/libg.a(lib_a-atexit.o)
                0x0000000008005400                atexit
 .text.__sflush_r
                0x000000000800540c      0x154 /usr/bin/../lib/gcc/arm-none-eabi/4.9.3/../../../../arm-none-eabi/lib/armv7e-m/softfp/libg.a(lib_a-fflush.o)
                0x000000000800540c                __sflush_r
 .text._fflush_r
                0x0000000008005560       0x2c /usr/bin/../lib/gcc/arm-none-eabi/4.9.3/../../../../arm-none-eabi/lib/armv7e-m/softfp/libg.a(lib_a-fflush.o)
                0x0000000008005560                _fflush_r
 .text._cleanup_r
                0x000000000800558c        0xc /usr/bin/../lib/gcc/arm-none-eabi/4.9.3/../../../../arm-none-eabi/lib/armv7e-m/softfp/libg.a(lib_a-findfp.o)
                0x000000000800558c                _cleanup_r
 .text.__sinit.part.1
                0x0000000008005598       0xf0 /usr/bin/../lib/gcc/arm-none-eabi/4.9.3/../../../../arm-none-eabi/lib/armv7e-m/softfp/libg.a(lib_a-findfp.o)
 .text.__sinit  0x0000000008005688        0xc /usr/bin/../lib/gcc/arm-none-eabi/4.9.3/../../../../arm-none-eabi/lib/armv7e-m/softfp/libg.a(lib_a-findfp.o)
                0x0000000008005688                __sinit
 .text.__sfp_lock_acquire
                0x0000000008005694        0x4 /usr/bin/../lib/gcc/arm-none-eabi/4.9.3/../../../../arm-none-eabi/lib/armv7e-m/softfp/libg.a(lib_a-findfp.o)
                0x0000000008005694                __sfp_lock_acquire
 .text.__sfp_lock_release
                0x0000000008005698        0x4 /usr/bin/../lib/gcc/arm-none-eabi/4.9.3/../../../../arm-none-eabi/lib/armv7e-m/softfp/libg.a(lib_a-findfp.o)
                0x0000000008005698                __sfp_lock_release
 .text.__libc_fini_array
                0x000000000800569c       0x2c /usr/bin/../lib/gcc/arm-none-eabi/4.9.3/../../../../arm-none-eabi/lib/armv7e-m/softfp/libg.a(lib_a-fini.o)
                0x000000000800569c                __libc_fini_array
 .text._malloc_trim_r
                0x00000000080056c8       0x9c /usr/bin/../lib/gcc/arm-none-eabi/4.9.3/../../../../arm-none-eabi/lib/armv7e-m/softfp/libg.a(lib_a-freer.o)
                0x00000000080056c8                _malloc_trim_r
 .text._free_r  0x0000000008005764      0x1b0 /usr/bin/../lib/gcc/arm-none-eabi/4.9.3/../../../../arm-none-eabi/lib/armv7e-m/softfp/libg.a(lib_a-freer.o)
                0x0000000008005764                _free_r
 .text.__sfvwrite_r
                0x0000000008005914      0x318 /usr/bin/../lib/gcc/arm-none-eabi/4.9.3/../../../../arm-none-eabi/lib/armv7e-m/softfp/libg.a(lib_a-fvwrite.o)
                0x0000000008005914                __sfvwrite_r
 .text._fwalk_reent
                0x0000000008005c2c       0x54 /usr/bin/../lib/gcc/arm-none-eabi/4.9.3/../../../../arm-none-eabi/lib/armv7e-m/softfp/libg.a(lib_a-fwalk.o)
                0x0000000008005c2c                _fwalk_reent
 .text.malloc   0x0000000008005c80       0x10 /usr/bin/../lib/gcc/arm-none-eabi/4.9.3/../../../../arm-none-eabi/lib/armv7e-m/softfp/libg.a(lib_a-malloc.o)
                0x0000000008005c80                malloc
 .text._malloc_r
                0x0000000008005c90      0x524 /usr/bin/../lib/gcc/arm-none-eabi/4.9.3/../../../../arm-none-eabi/lib/armv7e-m/softfp/libg.a(lib_a-mallocr.o)
                0x0000000008005c90                _malloc_r
 .text.memchr   0x00000000080061b4       0x94 /usr/bin/../lib/gcc/arm-none-eabi/4.9.3/../../../../arm-none-eabi/lib/armv7e-m/softfp/libg.a(lib_a-memchr.o)
                0x00000000080061b4                memchr
 .text.memmove  0x0000000008006248       0xc8 /usr/bin/../lib/gcc/arm-none-eabi/4.9.3/../../../../arm-none-eabi/lib/armv7e-m/softfp/libg.a(lib_a-memmove.o)
                0x0000000008006248                memmove
 .text.__malloc_lock
                0x0000000008006310        0x4 /usr/bin/../lib/gcc/arm-none-eabi/4.9.3/../../../../arm-none-eabi/lib/armv7e-m/softfp/libg.a(lib_a-mlock.o)
                0x0000000008006310                __malloc_lock
 .text.__malloc_unlock
                0x0000000008006314        0x4 /usr/bin/../lib/gcc/arm-none-eabi/4.9.3/../../../../arm-none-eabi/lib/armv7e-m/softfp/libg.a(lib_a-mlock.o)
                0x0000000008006314                __malloc_unlock
 .text._putc_r  0x0000000008006318       0x58 /usr/bin/../lib/gcc/arm-none-eabi/4.9.3/../../../../arm-none-eabi/lib/armv7e-m/softfp/libg.a(lib_a-putc.o)
                0x0000000008006318                _putc_r
 .text._realloc_r
                0x0000000008006370      0x3ec /usr/bin/../lib/gcc/arm-none-eabi/4.9.3/../../../../arm-none-eabi/lib/armv7e-m/softfp/libg.a(lib_a-reallocr.o)
                0x0000000008006370                _realloc_r
 .text.__sread  0x000000000800675c       0x24 /usr/bin/../lib/gcc/arm-none-eabi/4.9.3/../../../../arm-none-eabi/lib/armv7e-m/softfp/libg.a(lib_a-stdio.o)
                0x000000000800675c                __sread
 .text.__swrite
                0x0000000008006780       0x38 /usr/bin/../lib/gcc/arm-none-eabi/4.9.3/../../../../arm-none-eabi/lib/armv7e-m/softfp/libg.a(lib_a-stdio.o)
                0x0000000008006780                __swrite
 .text.__sseek  0x00000000080067b8       0x20 /usr/bin/../lib/gcc/arm-none-eabi/4.9.3/../../../../arm-none-eabi/lib/armv7e-m/softfp/libg.a(lib_a-stdio.o)
                0x00000000080067b8                __sseek
 .text.__sclose
                0x00000000080067d8        0x8 /usr/bin/../lib/gcc/arm-none-eabi/4.9.3/../../../../arm-none-eabi/lib/armv7e-m/softfp/libg.a(lib_a-stdio.o)
                0x00000000080067d8                __sclose
 .text.__swbuf_r
                0x00000000080067e0       0xa8 /usr/bin/../lib/gcc/arm-none-eabi/4.9.3/../../../../arm-none-eabi/lib/armv7e-m/softfp/libg.a(lib_a-wbuf.o)
                0x00000000080067e0                __swbuf_r
 .text.__swsetup_r
                0x0000000008006888       0xc4 /usr/bin/../lib/gcc/arm-none-eabi/4.9.3/../../../../arm-none-eabi/lib/armv7e-m/softfp/libg.a(lib_a-wsetup.o)
                0x0000000008006888                __swsetup_r
 .text.__register_exitproc
                0x000000000800694c       0xa4 /usr/bin/../lib/gcc/arm-none-eabi/4.9.3/../../../../arm-none-eabi/lib/armv7e-m/softfp/libg.a(lib_a-__atexit.o)
                0x000000000800694c                __register_exitproc
 .text._fclose_r
                0x00000000080069f0       0x84 /usr/bin/../lib/gcc/arm-none-eabi/4.9.3/../../../../arm-none-eabi/lib/armv7e-m/softfp/libg.a(lib_a-fclose.o)
                0x00000000080069f0                _fclose_r
 .text.__smakebuf_r
                0x0000000008006a74       0xe0 /usr/bin/../lib/gcc/arm-none-eabi/4.9.3/../../../../arm-none-eabi/lib/armv7e-m/softfp/libg.a(lib_a-makebuf.o)
                0x0000000008006a74                __smakebuf_r
 *(.glue_7)
 .glue_7        0x0000000000000000        0x0 linker stubs
 *(.glue_7t)
 .glue_7t       0x0000000000000000        0x0 linker stubs
 *(.eh_frame)
 .eh_frame      0x0000000008006b54        0x0 /usr/bin/../lib/gcc/arm-none-eabi/4.9.3/armv7e-m/softfp/crtbegin.o
 *(.init)
 .init          0x0000000008006b54        0x4 /usr/bin/../lib/gcc/arm-none-eabi/4.9.3/armv7e-m/softfp/crti.o
                0x0000000008006b54                _init
 .init          0x0000000008006b58        0x8 /usr/bin/../lib/gcc/arm-none-eabi/4.9.3/armv7e-m/softfp/crtn.o
 *(.fini)
 .fini          0x0000000008006b60        0x4 /usr/bin/../lib/gcc/arm-none-eabi/4.9.3/armv7e-m/softfp/crti.o
                0x0000000008006b60                _fini
 .fini          0x0000000008006b64        0x8 /usr/bin/../lib/gcc/arm-none-eabi/4.9.3/armv7e-m/softfp/crtn.o
                0x0000000008006b6c                . = ALIGN (0x4)
                0x0000000008006b6c                _etext = .

.vfp11_veneer   0x0000000008006b6c        0x0
 .vfp11_veneer  0x0000000000000000        0x0 linker stubs

.v4_bx          0x0000000008006b6c        0x0
 .v4_bx         0x0000000000000000        0x0 linker stubs

.iplt           0x0000000008006b6c        0x0
 .iplt          0x0000000000000000        0x0 /usr/bin/../lib/gcc/arm-none-eabi/4.9.3/armv7e-m/softfp/crtbegin.o

.rodata         0x0000000008006b6c    0x106d8
                0x0000000008006b6c                . = ALIGN (0x4)
 *(.rodata)
 *(.rodata*)
 .rodata.str1.1
                0x0000000008006b6c      0x1d2 main.o
                                        0x1d9 (size before relaxing)
 .rodata.LEDs   0x0000000008006d3e        0x8 main.o
                0x0000000008006d3e                LEDs
 .rodata.str1.1
                0x0000000008006d46       0x4b monitor.o
                                         0x4d (size before relaxing)
 .rodata.str1.1
                0x0000000008006d91       0xe4 parser.o
 .rodata.__FUNCTION__.5819
                0x0000000008006e75        0x6 parser.o
 .rodata.str1.1
                0x0000000008006e7b      0x1fc dump.o
                                        0x1fe (size before relaxing)
 .rodata.str1.1
                0x0000000008007077       0xaa terminal.o
                                         0xac (size before relaxing)
 .rodata.str1.1
                0x0000000008007121      0x4b8 decoder/decoder.o
                                        0x4c0 (size before relaxing)
 *fill*         0x00000000080075d9        0x3 
 .rodata.TIM1_CCER_fields
                0x00000000080075dc       0xa0 decoder/STM32F30x_decoder.o
                0x00000000080075dc                TIM1_CCER_fields
 .rodata.DMA1_registers
                0x000000000800767c      0x174 decoder/STM32F30x_decoder.o
                0x000000000800767c                DMA1_registers
 .rodata.SPI1_DR_fields
                0x00000000080077f0       0x10 decoder/STM32F30x_decoder.o
                0x00000000080077f0                SPI1_DR_fields
 .rodata.ADC1_2_CSR_fields
                0x0000000008007800       0xb8 decoder/STM32F30x_decoder.o
                0x0000000008007800                ADC1_2_CSR_fields
 .rodata.USB_FS_USB_EP3R_fields
                0x00000000080078b8       0x58 decoder/STM32F30x_decoder.o
                0x00000000080078b8                USB_FS_USB_EP3R_fields
 .rodata.GPIOB_PUPDR_fields
                0x0000000008007910       0x88 decoder/STM32F30x_decoder.o
                0x0000000008007910                GPIOB_PUPDR_fields
 .rodata.TSC_IOG8CR_fields
                0x0000000008007998       0x10 decoder/STM32F30x_decoder.o
                0x0000000008007998                TSC_IOG8CR_fields
 .rodata.TIM1_CCMR3_Output_fields
                0x00000000080079a8       0x58 decoder/STM32F30x_decoder.o
                0x00000000080079a8                TIM1_CCMR3_Output_fields
 .rodata.TIM1_SMCR_fields
                0x0000000008007a00       0x50 decoder/STM32F30x_decoder.o
                0x0000000008007a00                TIM1_SMCR_fields
 .rodata.RTC_SHIFTR_fields
                0x0000000008007a50       0x18 decoder/STM32F30x_decoder.o
                0x0000000008007a50                RTC_SHIFTR_fields
 .rodata.CAN_F24R1_fields
                0x0000000008007a68      0x108 decoder/STM32F30x_decoder.o
                0x0000000008007a68                CAN_F24R1_fields
 .rodata.RTC_TSDR_fields
                0x0000000008007b70       0x30 decoder/STM32F30x_decoder.o
                0x0000000008007b70                RTC_TSDR_fields
 .rodata.RTC_BKP22R_fields
                0x0000000008007ba0       0x10 decoder/STM32F30x_decoder.o
                0x0000000008007ba0                RTC_BKP22R_fields
 .rodata.TIM1_CCMR2_Output_fields
                0x0000000008007bb0       0x68 decoder/STM32F30x_decoder.o
                0x0000000008007bb0                TIM1_CCMR2_Output_fields
 .rodata.TIM17_RCR_fields
                0x0000000008007c18       0x10 decoder/STM32F30x_decoder.o
                0x0000000008007c18                TIM17_RCR_fields
 .rodata.EXTI_EMR1_fields
                0x0000000008007c28      0x108 decoder/STM32F30x_decoder.o
                0x0000000008007c28                EXTI_EMR1_fields
 .rodata.CAN_F11R2_fields
                0x0000000008007d30      0x108 decoder/STM32F30x_decoder.o
                0x0000000008007d30                CAN_F11R2_fields
 .rodata.USB_FS_ISTR_fields
                0x0000000008007e38       0x58 decoder/STM32F30x_decoder.o
                0x0000000008007e38                USB_FS_ISTR_fields
 .rodata.I2C1_ICR_fields
                0x0000000008007e90       0x50 decoder/STM32F30x_decoder.o
                0x0000000008007e90                I2C1_ICR_fields
 .rodata.TIM16_ARR_fields
                0x0000000008007ee0       0x10 decoder/STM32F30x_decoder.o
                0x0000000008007ee0                TIM16_ARR_fields
 .rodata.RTC_ISR_fields
                0x0000000008007ef0       0x90 decoder/STM32F30x_decoder.o
                0x0000000008007ef0                RTC_ISR_fields
 .rodata.RTC_BKP27R_fields
                0x0000000008007f80       0x10 decoder/STM32F30x_decoder.o
                0x0000000008007f80                RTC_BKP27R_fields
 .rodata.TIM8_CCR6_fields
                0x0000000008007f90       0x10 decoder/STM32F30x_decoder.o
                0x0000000008007f90                TIM8_CCR6_fields
 .rodata.TIM17_BDTR_fields
                0x0000000008007fa0       0x50 decoder/STM32F30x_decoder.o
                0x0000000008007fa0                TIM17_BDTR_fields
 .rodata.TIM8_CCMR1_Input_fields
                0x0000000008007ff0       0x38 decoder/STM32F30x_decoder.o
                0x0000000008007ff0                TIM8_CCMR1_Input_fields
 .rodata.DAC_registers
                0x0000000008008028       0xb4 decoder/STM32F30x_decoder.o
                0x0000000008008028                DAC_registers
 .rodata.IWDG_WINR_fields
                0x00000000080080dc       0x10 decoder/STM32F30x_decoder.o
                0x00000000080080dc                IWDG_WINR_fields
 .rodata.CAN_F19R2_fields
                0x00000000080080ec      0x108 decoder/STM32F30x_decoder.o
                0x00000000080080ec                CAN_F19R2_fields
 .rodata.CAN_RF1R_fields
                0x00000000080081f4       0x28 decoder/STM32F30x_decoder.o
                0x00000000080081f4                CAN_RF1R_fields
 .rodata.RTC_BKP16R_fields
                0x000000000800821c       0x10 decoder/STM32F30x_decoder.o
                0x000000000800821c                RTC_BKP16R_fields
 .rodata.RTC_CALR_fields
                0x000000000800822c       0x28 decoder/STM32F30x_decoder.o
                0x000000000800822c                RTC_CALR_fields
 .rodata.TIM2_SR_fields
                0x0000000008008254       0x58 decoder/STM32F30x_decoder.o
                0x0000000008008254                TIM2_SR_fields
 .rodata.SYSCFG_EXTICR2_fields
                0x00000000080082ac       0x28 decoder/STM32F30x_decoder.o
                0x00000000080082ac                SYSCFG_EXTICR2_fields
 .rodata.CAN_MCR_fields
                0x00000000080082d4       0x58 decoder/STM32F30x_decoder.o
                0x00000000080082d4                CAN_MCR_fields
 .rodata.TIM17_SR_fields
                0x000000000800832c       0x38 decoder/STM32F30x_decoder.o
                0x000000000800832c                TIM17_SR_fields
 .rodata.USART1_GTPR_fields
                0x0000000008008364       0x18 decoder/STM32F30x_decoder.o
                0x0000000008008364                USART1_GTPR_fields
 .rodata.DAC_DOR1_fields
                0x000000000800837c       0x10 decoder/STM32F30x_decoder.o
                0x000000000800837c                DAC_DOR1_fields
 .rodata.CAN_F1R1_fields
                0x000000000800838c      0x108 decoder/STM32F30x_decoder.o
                0x000000000800838c                CAN_F1R1_fields
 .rodata.CAN_FA1R_fields
                0x0000000008008494       0xe8 decoder/STM32F30x_decoder.o
                0x0000000008008494                CAN_FA1R_fields
 .rodata.RTC_BKP6R_fields
                0x000000000800857c       0x10 decoder/STM32F30x_decoder.o
                0x000000000800857c                RTC_BKP6R_fields
 .rodata.RCC_CFGR_fields
                0x000000000800858c       0x68 decoder/STM32F30x_decoder.o
                0x000000000800858c                RCC_CFGR_fields
 .rodata.PWR_CR_fields
                0x00000000080085f4       0x40 decoder/STM32F30x_decoder.o
                0x00000000080085f4                PWR_CR_fields
 .rodata.NVIC_ISER0_fields
                0x0000000008008634       0x10 decoder/STM32F30x_decoder.o
                0x0000000008008634                NVIC_ISER0_fields
 .rodata.DMA1_CPAR7_fields
                0x0000000008008644       0x10 decoder/STM32F30x_decoder.o
                0x0000000008008644                DMA1_CPAR7_fields
 .rodata.TSC_IOHCR_fields
                0x0000000008008654      0x108 decoder/STM32F30x_decoder.o
                0x0000000008008654                TSC_IOHCR_fields
 .rodata.CAN_F27R1_fields
                0x000000000800875c      0x108 decoder/STM32F30x_decoder.o
                0x000000000800875c                CAN_F27R1_fields
 .rodata.TIM6_ARR_fields
                0x0000000008008864       0x10 decoder/STM32F30x_decoder.o
                0x0000000008008864                TIM6_ARR_fields
 .rodata.CAN_F12R1_fields
                0x0000000008008874      0x108 decoder/STM32F30x_decoder.o
                0x0000000008008874                CAN_F12R1_fields
 .rodata.TIM15_DCR_fields
                0x000000000800897c       0x18 decoder/STM32F30x_decoder.o
                0x000000000800897c                TIM15_DCR_fields
 .rodata.NVIC_IPR18_fields
                0x0000000008008994       0x28 decoder/STM32F30x_decoder.o
                0x0000000008008994                NVIC_IPR18_fields
 .rodata.RTC_BKP13R_fields
                0x00000000080089bc       0x10 decoder/STM32F30x_decoder.o
                0x00000000080089bc                RTC_BKP13R_fields
 .rodata.CAN_BTR_fields
                0x00000000080089cc       0x38 decoder/STM32F30x_decoder.o
                0x00000000080089cc                CAN_BTR_fields
 .rodata.TIM15_BDTR_fields
                0x0000000008008a04       0x50 decoder/STM32F30x_decoder.o
                0x0000000008008a04                TIM15_BDTR_fields
 .rodata.NVIC_IPR1_fields
                0x0000000008008a54       0x28 decoder/STM32F30x_decoder.o
                0x0000000008008a54                NVIC_IPR1_fields
 .rodata.TIM15_PSC_fields
                0x0000000008008a7c       0x10 decoder/STM32F30x_decoder.o
                0x0000000008008a7c                TIM15_PSC_fields
 .rodata.Flash_ACR_fields
                0x0000000008008a8c       0x20 decoder/STM32F30x_decoder.o
                0x0000000008008a8c                Flash_ACR_fields
 .rodata.TIM17_CCMR1_Output_fields
                0x0000000008008aac       0x30 decoder/STM32F30x_decoder.o
                0x0000000008008aac                TIM17_CCMR1_Output_fields
 .rodata.TIM2_ARR_fields
                0x0000000008008adc       0x18 decoder/STM32F30x_decoder.o
                0x0000000008008adc                TIM2_ARR_fields
 .rodata.Flash_registers
                0x0000000008008af4       0x6c decoder/STM32F30x_decoder.o
                0x0000000008008af4                Flash_registers
 .rodata.CAN_TDH0R_fields
                0x0000000008008b60       0x28 decoder/STM32F30x_decoder.o
                0x0000000008008b60                CAN_TDH0R_fields
 .rodata.TIM1_DCR_fields
                0x0000000008008b88       0x18 decoder/STM32F30x_decoder.o
                0x0000000008008b88                TIM1_DCR_fields
 .rodata.CAN_TI2R_fields
                0x0000000008008ba0       0x30 decoder/STM32F30x_decoder.o
                0x0000000008008ba0                CAN_TI2R_fields
 .rodata.ADC1_IER_fields
                0x0000000008008bd0       0x60 decoder/STM32F30x_decoder.o
                0x0000000008008bd0                ADC1_IER_fields
 .rodata.NVIC_ICPR2_fields
                0x0000000008008c30       0x10 decoder/STM32F30x_decoder.o
                0x0000000008008c30                NVIC_ICPR2_fields
 .rodata.EXTI_IMR1_fields
                0x0000000008008c40      0x108 decoder/STM32F30x_decoder.o
                0x0000000008008c40                EXTI_IMR1_fields
 .rodata.TSC_IOASCR_fields
                0x0000000008008d48      0x108 decoder/STM32F30x_decoder.o
                0x0000000008008d48                TSC_IOASCR_fields
 .rodata.RCC_CFGR2_fields
                0x0000000008008e50       0x20 decoder/STM32F30x_decoder.o
                0x0000000008008e50                RCC_CFGR2_fields
 .rodata.TIM1_PSC_fields
                0x0000000008008e70       0x10 decoder/STM32F30x_decoder.o
                0x0000000008008e70                TIM1_PSC_fields
 .rodata.Flash_KEYR_fields
                0x0000000008008e80       0x10 decoder/STM32F30x_decoder.o
                0x0000000008008e80                Flash_KEYR_fields
 .rodata.TIM8_CR2_fields
                0x0000000008008e90       0x80 decoder/STM32F30x_decoder.o
                0x0000000008008e90                TIM8_CR2_fields
 .rodata.ADC1_CFGR_fields
                0x0000000008008f10       0xa0 decoder/STM32F30x_decoder.o
                0x0000000008008f10                ADC1_CFGR_fields
 .rodata.TIM17_EGR_fields
                0x0000000008008fb0       0x30 decoder/STM32F30x_decoder.o
                0x0000000008008fb0                TIM17_EGR_fields
 .rodata.TSC_IOGCSR_fields
                0x0000000008008fe0       0x88 decoder/STM32F30x_decoder.o
                0x0000000008008fe0                TSC_IOGCSR_fields
 .rodata.NVIC_IPR0_fields
                0x0000000008009068       0x28 decoder/STM32F30x_decoder.o
                0x0000000008009068                NVIC_IPR0_fields
 .rodata.NVIC_IPR8_fields
                0x0000000008009090       0x28 decoder/STM32F30x_decoder.o
                0x0000000008009090                NVIC_IPR8_fields
 .rodata.RTC_WUTR_fields
                0x00000000080090b8       0x10 decoder/STM32F30x_decoder.o
                0x00000000080090b8                RTC_WUTR_fields
 .rodata.GPIOB_OSPEEDR_fields
                0x00000000080090c8       0x88 decoder/STM32F30x_decoder.o
                0x00000000080090c8                GPIOB_OSPEEDR_fields
 .rodata.ADC1_ISR_fields
                0x0000000008009150       0x60 decoder/STM32F30x_decoder.o
                0x0000000008009150                ADC1_ISR_fields
 .rodata.NVIC_ICER1_fields
                0x00000000080091b0       0x10 decoder/STM32F30x_decoder.o
                0x00000000080091b0                NVIC_ICER1_fields
 .rodata.RTC_BKP7R_fields
                0x00000000080091c0       0x10 decoder/STM32F30x_decoder.o
                0x00000000080091c0                RTC_BKP7R_fields
 .rodata.CAN_RF0R_fields
                0x00000000080091d0       0x28 decoder/STM32F30x_decoder.o
                0x00000000080091d0                CAN_RF0R_fields
 .rodata.CAN_FS1R_fields
                0x00000000080091f8       0xe8 decoder/STM32F30x_decoder.o
                0x00000000080091f8                CAN_FS1R_fields
 .rodata.GPIOA_AFRL_fields
                0x00000000080092e0       0x48 decoder/STM32F30x_decoder.o
                0x00000000080092e0                GPIOA_AFRL_fields
 .rodata.DMA1_CMAR3_fields
                0x0000000008009328       0x10 decoder/STM32F30x_decoder.o
                0x0000000008009328                DMA1_CMAR3_fields
 .rodata.ADC1_SQR1_fields
                0x0000000008009338       0x30 decoder/STM32F30x_decoder.o
                0x0000000008009338                ADC1_SQR1_fields
 .rodata.CAN_F15R2_fields
                0x0000000008009368      0x108 decoder/STM32F30x_decoder.o
                0x0000000008009368                CAN_F15R2_fields
 .rodata.IWDG_PR_fields
                0x0000000008009470       0x10 decoder/STM32F30x_decoder.o
                0x0000000008009470                IWDG_PR_fields
 .rodata.TIM2_DMAR_fields
                0x0000000008009480       0x10 decoder/STM32F30x_decoder.o
                0x0000000008009480                TIM2_DMAR_fields
 .rodata.I2C1_TIMEOUTR_fields
                0x0000000008009490       0x30 decoder/STM32F30x_decoder.o
                0x0000000008009490                I2C1_TIMEOUTR_fields
 .rodata.GPIOB_LCKR_fields
                0x00000000080094c0       0x90 decoder/STM32F30x_decoder.o
                0x00000000080094c0                GPIOB_LCKR_fields
 .rodata.DAC_DHR8R1_fields
                0x0000000008009550       0x10 decoder/STM32F30x_decoder.o
                0x0000000008009550                DAC_DHR8R1_fields
 .rodata.TIM1_CCMR1_Output_fields
                0x0000000008009560       0x68 decoder/STM32F30x_decoder.o
                0x0000000008009560                TIM1_CCMR1_Output_fields
 .rodata.TIM1_CCR2_fields
                0x00000000080095c8       0x10 decoder/STM32F30x_decoder.o
                0x00000000080095c8                TIM1_CCR2_fields
 .rodata.TIM1_OR_fields
                0x00000000080095d8       0x18 decoder/STM32F30x_decoder.o
                0x00000000080095d8                TIM1_OR_fields
 .rodata.USART1_TDR_fields
                0x00000000080095f0       0x10 decoder/STM32F30x_decoder.o
                0x00000000080095f0                USART1_TDR_fields
 .rodata.NVIC_STIR_fields
                0x0000000008009600       0x10 decoder/STM32F30x_decoder.o
                0x0000000008009600                NVIC_STIR_fields
 .rodata.USB_FS_USB_EP7R_fields
                0x0000000008009610       0x58 decoder/STM32F30x_decoder.o
                0x0000000008009610                USB_FS_USB_EP7R_fields
 .rodata.ADC1_SQR4_fields
                0x0000000008009668       0x18 decoder/STM32F30x_decoder.o
                0x0000000008009668                ADC1_SQR4_fields
 .rodata.SYSCFG_registers
                0x0000000008009680       0x60 decoder/STM32F30x_decoder.o
                0x0000000008009680                SYSCFG_registers
 .rodata.PWR_CSR_fields
                0x00000000080096e0       0x30 decoder/STM32F30x_decoder.o
                0x00000000080096e0                PWR_CSR_fields
 .rodata.GPIOB_AFRH_fields
                0x0000000008009710       0x48 decoder/STM32F30x_decoder.o
                0x0000000008009710                GPIOB_AFRH_fields
 .rodata.FPU_FPCCR_fields
                0x0000000008009758       0x50 decoder/STM32F30x_decoder.o
                0x0000000008009758                FPU_FPCCR_fields
 .rodata.DBGMCU_APB2FZ_fields
                0x00000000080097a8       0x28 decoder/STM32F30x_decoder.o
                0x00000000080097a8                DBGMCU_APB2FZ_fields
 .rodata.TIM8_CCR1_fields
                0x00000000080097d0       0x10 decoder/STM32F30x_decoder.o
                0x00000000080097d0                TIM8_CCR1_fields
 .rodata.WWDG_SR_fields
                0x00000000080097e0       0x10 decoder/STM32F30x_decoder.o
                0x00000000080097e0                WWDG_SR_fields
 .rodata.TIM16_DIER_fields
                0x00000000080097f0       0x50 decoder/STM32F30x_decoder.o
                0x00000000080097f0                TIM16_DIER_fields
 .rodata.TIM1_CCR5_fields
                0x0000000008009840       0x28 decoder/STM32F30x_decoder.o
                0x0000000008009840                TIM1_CCR5_fields
 .rodata.TIM8_BDTR_fields
                0x0000000008009868       0x68 decoder/STM32F30x_decoder.o
                0x0000000008009868                TIM8_BDTR_fields
 .rodata.Flash_CR_fields
                0x00000000080098d0       0x60 decoder/STM32F30x_decoder.o
                0x00000000080098d0                Flash_CR_fields
 .rodata.RTC_BKP26R_fields
                0x0000000008009930       0x10 decoder/STM32F30x_decoder.o
                0x0000000008009930                RTC_BKP26R_fields
 .rodata.Flash_OBR_fields
                0x0000000008009940       0x60 decoder/STM32F30x_decoder.o
                0x0000000008009940                Flash_OBR_fields
 .rodata.ADC1_AWD2CR_fields
                0x00000000080099a0       0x10 decoder/STM32F30x_decoder.o
                0x00000000080099a0                ADC1_AWD2CR_fields
 .rodata.FPU_registers
                0x00000000080099b0       0x54 decoder/STM32F30x_decoder.o
                0x00000000080099b0                FPU_registers
 .rodata.DAC_CR_fields
                0x0000000008009a04       0x88 decoder/STM32F30x_decoder.o
                0x0000000008009a04                DAC_CR_fields
 .rodata.NVIC_IPR10_fields
                0x0000000008009a8c       0x28 decoder/STM32F30x_decoder.o
                0x0000000008009a8c                NVIC_IPR10_fields
 .rodata.TIM15_CCR1_fields
                0x0000000008009ab4       0x10 decoder/STM32F30x_decoder.o
                0x0000000008009ab4                TIM15_CCR1_fields
 .rodata.RTC_ALRMAR_fields
                0x0000000008009ac4       0x78 decoder/STM32F30x_decoder.o
                0x0000000008009ac4                RTC_ALRMAR_fields
 .rodata.GPIOA_BSRR_fields
                0x0000000008009b3c      0x108 decoder/STM32F30x_decoder.o
                0x0000000008009b3c                GPIOA_BSRR_fields
 .rodata.TIM16_SR_fields
                0x0000000008009c44       0x38 decoder/STM32F30x_decoder.o
                0x0000000008009c44                TIM16_SR_fields
 .rodata.CAN_F6R1_fields
                0x0000000008009c7c      0x108 decoder/STM32F30x_decoder.o
                0x0000000008009c7c                CAN_F6R1_fields
 .rodata.ADC1_OFR1_fields
                0x0000000008009d84       0x20 decoder/STM32F30x_decoder.o
                0x0000000008009d84                ADC1_OFR1_fields
 .rodata.TIM15_CR1_fields
                0x0000000008009da4       0x40 decoder/STM32F30x_decoder.o
                0x0000000008009da4                TIM15_CR1_fields
 .rodata.NVIC_IABR2_fields
                0x0000000008009de4       0x10 decoder/STM32F30x_decoder.o
                0x0000000008009de4                NVIC_IABR2_fields
 .rodata.DMA1_CCR2_fields
                0x0000000008009df4       0x68 decoder/STM32F30x_decoder.o
                0x0000000008009df4                DMA1_CCR2_fields
 .rodata.NVIC_IPR13_fields
                0x0000000008009e5c       0x28 decoder/STM32F30x_decoder.o
                0x0000000008009e5c                NVIC_IPR13_fields
 .rodata.CAN_F22R2_fields
                0x0000000008009e84      0x108 decoder/STM32F30x_decoder.o
                0x0000000008009e84                CAN_F22R2_fields
 .rodata.CAN_F0R2_fields
                0x0000000008009f8c      0x108 decoder/STM32F30x_decoder.o
                0x0000000008009f8c                CAN_F0R2_fields
 .rodata.RTC_BKP0R_fields
                0x000000000800a094       0x10 decoder/STM32F30x_decoder.o
                0x000000000800a094                RTC_BKP0R_fields
 .rodata.CAN_F19R1_fields
                0x000000000800a0a4      0x108 decoder/STM32F30x_decoder.o
                0x000000000800a0a4                CAN_F19R1_fields
 .rodata.DMA1_IFCR_fields
                0x000000000800a1ac       0xe8 decoder/STM32F30x_decoder.o
                0x000000000800a1ac                DMA1_IFCR_fields
 .rodata.TIM16_CCMR1_Input_fields
                0x000000000800a294       0x20 decoder/STM32F30x_decoder.o
                0x000000000800a294                TIM16_CCMR1_Input_fields
 .rodata.TIM2_SMCR_fields
                0x000000000800a2b4       0x50 decoder/STM32F30x_decoder.o
                0x000000000800a2b4                TIM2_SMCR_fields
 .rodata.CAN_TDT1R_fields
                0x000000000800a304       0x20 decoder/STM32F30x_decoder.o
                0x000000000800a304                CAN_TDT1R_fields
 .rodata.COMP_COMP6_CSR_fields
                0x000000000800a324       0x60 decoder/STM32F30x_decoder.o
                0x000000000800a324                COMP_COMP6_CSR_fields
 .rodata.I2C1_CR2_fields
                0x000000000800a384       0x70 decoder/STM32F30x_decoder.o
                0x000000000800a384                I2C1_CR2_fields
 .rodata.TIM1_CR1_fields
                0x000000000800a3f4       0x50 decoder/STM32F30x_decoder.o
                0x000000000800a3f4                TIM1_CR1_fields
 .rodata.CAN_F26R2_fields
                0x000000000800a444      0x108 decoder/STM32F30x_decoder.o
                0x000000000800a444                CAN_F26R2_fields
 .rodata.RTC_BKP10R_fields
                0x000000000800a54c       0x10 decoder/STM32F30x_decoder.o
                0x000000000800a54c                RTC_BKP10R_fields
 .rodata.DMA1_CMAR6_fields
                0x000000000800a55c       0x10 decoder/STM32F30x_decoder.o
                0x000000000800a55c                DMA1_CMAR6_fields
 .rodata.CAN_F23R1_fields
                0x000000000800a56c      0x108 decoder/STM32F30x_decoder.o
                0x000000000800a56c                CAN_F23R1_fields
 .rodata.NVIC_IPR20_fields
                0x000000000800a674       0x28 decoder/STM32F30x_decoder.o
                0x000000000800a674                NVIC_IPR20_fields
 .rodata.ADC1_DR_fields
                0x000000000800a69c       0x10 decoder/STM32F30x_decoder.o
                0x000000000800a69c                ADC1_DR_fields
 .rodata.CAN_F16R1_fields
                0x000000000800a6ac      0x108 decoder/STM32F30x_decoder.o
                0x000000000800a6ac                CAN_F16R1_fields
 .rodata.TSC_registers
                0x000000000800a7b4       0xd8 decoder/STM32F30x_decoder.o
                0x000000000800a7b4                TSC_registers
 .rodata.ADC1_registers
                0x000000000800a88c      0x150 decoder/STM32F30x_decoder.o
                0x000000000800a88c                ADC1_registers
 .rodata.TIM17_CR2_fields
                0x000000000800a9dc       0x30 decoder/STM32F30x_decoder.o
                0x000000000800a9dc                TIM17_CR2_fields
 .rodata.PWR_registers
                0x000000000800aa0c       0x24 decoder/STM32F30x_decoder.o
                0x000000000800aa0c                PWR_registers
 .rodata.TIM8_ARR_fields
                0x000000000800aa30       0x10 decoder/STM32F30x_decoder.o
                0x000000000800aa30                TIM8_ARR_fields
 .rodata.EXTI_RTSR1_fields
                0x000000000800aa40       0xd8 decoder/STM32F30x_decoder.o
                0x000000000800aa40                EXTI_RTSR1_fields
 .rodata.RCC_APB2ENR_fields
                0x000000000800ab18       0x48 decoder/STM32F30x_decoder.o
                0x000000000800ab18                RCC_APB2ENR_fields
 .rodata.NVIC_IPR3_fields
                0x000000000800ab60       0x28 decoder/STM32F30x_decoder.o
                0x000000000800ab60                NVIC_IPR3_fields
 .rodata.I2C1_TIMINGR_fields
                0x000000000800ab88       0x30 decoder/STM32F30x_decoder.o
                0x000000000800ab88                I2C1_TIMINGR_fields
 .rodata.USART1_CR1_fields
                0x000000000800abb8       0xa8 decoder/STM32F30x_decoder.o
                0x000000000800abb8                USART1_CR1_fields
 .rodata.CAN_F13R1_fields
                0x000000000800ac60      0x108 decoder/STM32F30x_decoder.o
                0x000000000800ac60                CAN_F13R1_fields
 .rodata.RCC_CSR_fields
                0x000000000800ad68       0x58 decoder/STM32F30x_decoder.o
                0x000000000800ad68                RCC_CSR_fields
 .rodata.GPIOB_BSRR_fields
                0x000000000800adc0      0x108 decoder/STM32F30x_decoder.o
                0x000000000800adc0                GPIOB_BSRR_fields
 .rodata.DES_UID0_fields
                0x000000000800aec8       0x18 decoder/STM32F30x_decoder.o
                0x000000000800aec8                DES_UID0_fields
 .rodata.NVIC_IABR0_fields
                0x000000000800aee0       0x10 decoder/STM32F30x_decoder.o
                0x000000000800aee0                NVIC_IABR0_fields
 .rodata.TIM2_EGR_fields
                0x000000000800aef0       0x38 decoder/STM32F30x_decoder.o
                0x000000000800aef0                TIM2_EGR_fields
 .rodata.USART1_CR3_fields
                0x000000000800af28       0xa0 decoder/STM32F30x_decoder.o
                0x000000000800af28                USART1_CR3_fields
 .rodata.TIM2_DIER_fields
                0x000000000800afc8       0x68 decoder/STM32F30x_decoder.o
                0x000000000800afc8                TIM2_DIER_fields
 .rodata.CAN_MSR_fields
                0x000000000800b030       0x50 decoder/STM32F30x_decoder.o
                0x000000000800b030                CAN_MSR_fields
 .rodata.DAC_DHR12L1_fields
                0x000000000800b080       0x10 decoder/STM32F30x_decoder.o
                0x000000000800b080                DAC_DHR12L1_fields
 .rodata.FPU_MVFR0_fields
                0x000000000800b090       0x48 decoder/STM32F30x_decoder.o
                0x000000000800b090                FPU_MVFR0_fields
 .rodata.SPI1_CR1_fields
                0x000000000800b0d8       0x78 decoder/STM32F30x_decoder.o
                0x000000000800b0d8                SPI1_CR1_fields
 .rodata.EXTI_registers
                0x000000000800b150       0x9c decoder/STM32F30x_decoder.o
                0x000000000800b150                EXTI_registers
 .rodata.USB_FS_DADDR_fields
                0x000000000800b1ec       0x48 decoder/STM32F30x_decoder.o
                0x000000000800b1ec                USB_FS_DADDR_fields
 .rodata.RTC_BKP8R_fields
                0x000000000800b234       0x10 decoder/STM32F30x_decoder.o
                0x000000000800b234                RTC_BKP8R_fields
 .rodata.CAN_F2R1_fields
                0x000000000800b244      0x108 decoder/STM32F30x_decoder.o
                0x000000000800b244                CAN_F2R1_fields
 .rodata.TIM8_CCR4_fields
                0x000000000800b34c       0x10 decoder/STM32F30x_decoder.o
                0x000000000800b34c                TIM8_CCR4_fields
 .rodata.USB_FS_USB_EP4R_fields
                0x000000000800b35c       0x58 decoder/STM32F30x_decoder.o
                0x000000000800b35c                USB_FS_USB_EP4R_fields
 .rodata.TIM8_CNT_fields
                0x000000000800b3b4       0x18 decoder/STM32F30x_decoder.o
                0x000000000800b3b4                TIM8_CNT_fields
 .rodata.RTC_PRER_fields
                0x000000000800b3cc       0x18 decoder/STM32F30x_decoder.o
                0x000000000800b3cc                RTC_PRER_fields
 .rodata.TIM1_SR_fields
                0x000000000800b3e4       0x80 decoder/STM32F30x_decoder.o
                0x000000000800b3e4                TIM1_SR_fields
 .rodata.DMA1_CPAR2_fields
                0x000000000800b464       0x10 decoder/STM32F30x_decoder.o
                0x000000000800b464                DMA1_CPAR2_fields
 .rodata.NVIC_IPR15_fields
                0x000000000800b474       0x28 decoder/STM32F30x_decoder.o
                0x000000000800b474                NVIC_IPR15_fields
 .rodata.TSC_CR_fields
                0x000000000800b49c       0x68 decoder/STM32F30x_decoder.o
                0x000000000800b49c                TSC_CR_fields
 .rodata.SPI1_SR_fields
                0x000000000800b504       0x60 decoder/STM32F30x_decoder.o
                0x000000000800b504                SPI1_SR_fields
 .rodata.ADC1_JDR3_fields
                0x000000000800b564       0x10 decoder/STM32F30x_decoder.o
                0x000000000800b564                ADC1_JDR3_fields
 .rodata.NVIC_ICTR_fields
                0x000000000800b574       0x10 decoder/STM32F30x_decoder.o
                0x000000000800b574                NVIC_ICTR_fields
 .rodata.RTC_BKP30R_fields
                0x000000000800b584       0x10 decoder/STM32F30x_decoder.o
                0x000000000800b584                RTC_BKP30R_fields
 .rodata.RTC_BKP23R_fields
                0x000000000800b594       0x10 decoder/STM32F30x_decoder.o
                0x000000000800b594                RTC_BKP23R_fields
 .rodata.I2C1_OAR2_fields
                0x000000000800b5a4       0x20 decoder/STM32F30x_decoder.o
                0x000000000800b5a4                I2C1_OAR2_fields
 .rodata.DMA1_CNDTR3_fields
                0x000000000800b5c4       0x10 decoder/STM32F30x_decoder.o
                0x000000000800b5c4                DMA1_CNDTR3_fields
 .rodata.RTC_registers
                0x000000000800b5d4      0x264 decoder/STM32F30x_decoder.o
                0x000000000800b5d4                RTC_registers
 .rodata.CAN_F2R2_fields
                0x000000000800b838      0x108 decoder/STM32F30x_decoder.o
                0x000000000800b838                CAN_F2R2_fields
 .rodata.NVIC_ISPR2_fields
                0x000000000800b940       0x10 decoder/STM32F30x_decoder.o
                0x000000000800b940                NVIC_ISPR2_fields
 .rodata.DMA1_CPAR5_fields
                0x000000000800b950       0x10 decoder/STM32F30x_decoder.o
                0x000000000800b950                DMA1_CPAR5_fields
 .rodata.TIM2_CCR4_fields
                0x000000000800b960       0x18 decoder/STM32F30x_decoder.o
                0x000000000800b960                TIM2_CCR4_fields
 .rodata.GPIOB_IDR_fields
                0x000000000800b978       0x88 decoder/STM32F30x_decoder.o
                0x000000000800b978                GPIOB_IDR_fields
 .rodata.ADC1_OFR4_fields
                0x000000000800ba00       0x20 decoder/STM32F30x_decoder.o
                0x000000000800ba00                ADC1_OFR4_fields
 .rodata.CAN_RI1R_fields
                0x000000000800ba20       0x28 decoder/STM32F30x_decoder.o
                0x000000000800ba20                CAN_RI1R_fields
 .rodata.CAN_F18R1_fields
                0x000000000800ba48      0x108 decoder/STM32F30x_decoder.o
                0x000000000800ba48                CAN_F18R1_fields
 .rodata.TSC_IOG5CR_fields
                0x000000000800bb50       0x10 decoder/STM32F30x_decoder.o
                0x000000000800bb50                TSC_IOG5CR_fields
 .rodata.DAC_DOR2_fields
                0x000000000800bb60       0x10 decoder/STM32F30x_decoder.o
                0x000000000800bb60                DAC_DOR2_fields
 .rodata.DMA1_CCR5_fields
                0x000000000800bb70       0x68 decoder/STM32F30x_decoder.o
                0x000000000800bb70                DMA1_CCR5_fields
 .rodata.DMA1_CNDTR6_fields
                0x000000000800bbd8       0x10 decoder/STM32F30x_decoder.o
                0x000000000800bbd8                DMA1_CNDTR6_fields
 .rodata.EXTI_SWIER2_fields
                0x000000000800bbe8       0x18 decoder/STM32F30x_decoder.o
                0x000000000800bbe8                EXTI_SWIER2_fields
 .rodata.CAN_RDH0R_fields
                0x000000000800bc00       0x28 decoder/STM32F30x_decoder.o
                0x000000000800bc00                CAN_RDH0R_fields
 .rodata.TIM6_PSC_fields
                0x000000000800bc28       0x10 decoder/STM32F30x_decoder.o
                0x000000000800bc28                TIM6_PSC_fields
 .rodata.CAN_TSR_fields
                0x000000000800bc38       0xb8 decoder/STM32F30x_decoder.o
                0x000000000800bc38                CAN_TSR_fields
 .rodata.CAN_TDL0R_fields
                0x000000000800bcf0       0x28 decoder/STM32F30x_decoder.o
                0x000000000800bcf0                CAN_TDL0R_fields
 .rodata.CAN_F5R2_fields
                0x000000000800bd18      0x108 decoder/STM32F30x_decoder.o
                0x000000000800bd18                CAN_F5R2_fields
 .rodata.TSC_IOG1CR_fields
                0x000000000800be20       0x10 decoder/STM32F30x_decoder.o
                0x000000000800be20                TSC_IOG1CR_fields
 .rodata.CAN_F11R1_fields
                0x000000000800be30      0x108 decoder/STM32F30x_decoder.o
                0x000000000800be30                CAN_F11R1_fields
 .rodata.TIM6_CR2_fields
                0x000000000800bf38       0x10 decoder/STM32F30x_decoder.o
                0x000000000800bf38                TIM6_CR2_fields
 .rodata.CAN_F25R1_fields
                0x000000000800bf48      0x108 decoder/STM32F30x_decoder.o
                0x000000000800bf48                CAN_F25R1_fields
 .rodata.CAN_RDL0R_fields
                0x000000000800c050       0x28 decoder/STM32F30x_decoder.o
                0x000000000800c050                CAN_RDL0R_fields
 .rodata.USART1_registers
                0x000000000800c078       0x90 decoder/STM32F30x_decoder.o
                0x000000000800c078                USART1_registers
 .rodata.DAC_SWTRIGR_fields
                0x000000000800c108       0x18 decoder/STM32F30x_decoder.o
                0x000000000800c108                DAC_SWTRIGR_fields
 .rodata.CAN_F12R2_fields
                0x000000000800c120      0x108 decoder/STM32F30x_decoder.o
                0x000000000800c120                CAN_F12R2_fields
 .rodata.RTC_BKP4R_fields
                0x000000000800c228       0x10 decoder/STM32F30x_decoder.o
                0x000000000800c228                RTC_BKP4R_fields
 .rodata.RTC_TAFCR_fields
                0x000000000800c238       0x98 decoder/STM32F30x_decoder.o
                0x000000000800c238                RTC_TAFCR_fields
 .rodata.TIM17_ARR_fields
                0x000000000800c2d0       0x10 decoder/STM32F30x_decoder.o
                0x000000000800c2d0                TIM17_ARR_fields
 .rodata.CAN_F16R2_fields
                0x000000000800c2e0      0x108 decoder/STM32F30x_decoder.o
                0x000000000800c2e0                CAN_F16R2_fields
 .rodata.USART1_ICR_fields
                0x000000000800c3e8       0x68 decoder/STM32F30x_decoder.o
                0x000000000800c3e8                USART1_ICR_fields
 .rodata.NVIC_IPR6_fields
                0x000000000800c450       0x28 decoder/STM32F30x_decoder.o
                0x000000000800c450                NVIC_IPR6_fields
 .rodata.TIM15_CCMR1_Input_fields
                0x000000000800c478       0x38 decoder/STM32F30x_decoder.o
                0x000000000800c478                TIM15_CCMR1_Input_fields
 .rodata.DAC_DHR12R2_fields
                0x000000000800c4b0       0x10 decoder/STM32F30x_decoder.o
                0x000000000800c4b0                DAC_DHR12R2_fields
 .rodata.RCC_AHBENR_fields
                0x000000000800c4c0       0x78 decoder/STM32F30x_decoder.o
                0x000000000800c4c0                RCC_AHBENR_fields
 .rodata.RTC_BKP14R_fields
                0x000000000800c538       0x10 decoder/STM32F30x_decoder.o
                0x000000000800c538                RTC_BKP14R_fields
 .rodata.CAN_F20R1_fields
                0x000000000800c548      0x108 decoder/STM32F30x_decoder.o
                0x000000000800c548                CAN_F20R1_fields
 .rodata.CAN_F27R2_fields
                0x000000000800c650      0x108 decoder/STM32F30x_decoder.o
                0x000000000800c650                CAN_F27R2_fields
 .rodata.TIM6_SR_fields
                0x000000000800c758       0x10 decoder/STM32F30x_decoder.o